Script started on 2020-02-06 16:49:05-05:00 [TERM="xterm-256color" TTY="/dev/pts/2" COLUMNS="80" LINES="24"]
hkilic2@g7-27:~/i240b/submit/lab2$ cd ~/i240?/submit/lab2[1P/submit/lab2b/submit/lab2
hkilic2@g7-27:~/i240b/submit/lab2$ cp -r ~/cs240/labs/lab2/exercises/* .
cp: cannot stat '/home/hkilic2/cs240/labs/lab2/exercises/*': No such file or directory
hkilic2@g7-27:~/i240b/submit/lab2$ cp -r ~/cs240/labs/lab2/exercises/* .[15Pd ~/i240b/submit/lab2
hkilic2@g7-27:~/i240b/submit/lab2$ cd ~/i240b/submit/lab2p -r ~/cs240/labs/lab2/exercises/* .
cp: cannot stat '/home/hkilic2/cs240/labs/lab2/exercises/*': No such file or directory
hkilic2@g7-27:~/i240b/submit/lab2$ cp -r ~/cs240/labs/lab1/exercises/* .[C[C[1P[1@2
cp: cannot stat '/home/hkilic2/cs240/labs/lab2/exercises/*': No such file or directory
hkilic2@g7-27:~/i240b/submit/lab2$ d[Kcd cs240~cs240/cs240
hkilic2@g7-27:~/cs240$ get[K[Kitpull
bash: gitpull: command not found
hkilic2@g7-27:~/cs240$ gitpull pull
hkilic2@remote.cs.binghamton.edu's password: 
remote: Enumerating objects: 105, done.[K
remote: Counting objects:   0% (1/105)   [Kremote: Counting objects:   1% (2/105)   [Kremote: Counting objects:   2% (3/105)   [Kremote: Counting objects:   3% (4/105)   [Kremote: Counting objects:   4% (5/105)   [Kremote: Counting objects:   5% (6/105)   [Kremote: Counting objects:   6% (7/105)   [Kremote: Counting objects:   7% (8/105)   [Kremote: Counting objects:   8% (9/105)   [Kremote: Counting objects:   9% (10/105)   [Kremote: Counting objects:  10% (11/105)   [Kremote: Counting objects:  11% (12/105)   [Kremote: Counting objects:  12% (13/105)   [Kremote: Counting objects:  13% (14/105)   [Kremote: Counting objects:  14% (15/105)   [Kremote: Counting objects:  15% (16/105)   [Kremote: Counting objects:  16% (17/105)   [Kremote: Counting objects:  17% (18/105)   [Kremote: Counting objects:  18% (19/105)   [Kremote: Counting objects:  19% (20/105)   [Kremote: Counting objects:  20% (21/105)   [Kremote: Counting objects:  21% (23/105)   [Kremote: Counting objects:  22% (24/105)   [Kremote: Counting objects:  23% (25/105)   [Kremote: Counting objects:  24% (26/105)   [Kremote: Counting objects:  25% (27/105)   [Kremote: Counting objects:  26% (28/105)   [Kremote: Counting objects:  27% (29/105)   [Kremote: Counting objects:  28% (30/105)   [Kremote: Counting objects:  29% (31/105)   [Kremote: Counting objects:  30% (32/105)   [Kremote: Counting objects:  31% (33/105)   [Kremote: Counting objects:  32% (34/105)   [Kremote: Counting objects:  33% (35/105)   [Kremote: Counting objects:  34% (36/105)   [Kremote: Counting objects:  35% (37/105)   [Kremote: Counting objects:  36% (38/105)   [Kremote: Counting objects:  37% (39/105)   [Kremote: Counting objects:  38% (40/105)   [Kremote: Counting objects:  39% (41/105)   [Kremote: Counting objects:  40% (42/105)   [Kremote: Counting objects:  41% (44/105)   [Kremote: Counting objects:  42% (45/105)   [Kremote: Counting objects:  43% (46/105)   [Kremote: Counting objects:  44% (47/105)   [Kremote: Counting objects:  45% (48/105)   [Kremote: Counting objects:  46% (49/105)   [Kremote: Counting objects:  47% (50/105)   [Kremote: Counting objects:  48% (51/105)   [Kremote: Counting objects:  49% (52/105)   [Kremote: Counting objects:  50% (53/105)   [Kremote: Counting objects:  51% (54/105)   [Kremote: Counting objects:  52% (55/105)   [Kremote: Counting objects:  53% (56/105)   [Kremote: Counting objects:  54% (57/105)   [Kremote: Counting objects:  55% (58/105)   [Kremote: Counting objects:  56% (59/105)   [Kremote: Counting objects:  57% (60/105)   [Kremote: Counting objects:  58% (61/105)   [Kremote: Counting objects:  59% (62/105)   [Kremote: Counting objects:  60% (63/105)   [Kremote: Counting objects:  61% (65/105)   [Kremote: Counting objects:  62% (66/105)   [Kremote: Counting objects:  63% (67/105)   [Kremote: Counting objects:  64% (68/105)   [Kremote: Counting objects:  65% (69/105)   [Kremote: Counting objects:  66% (70/105)   [Kremote: Counting objects:  67% (71/105)   [Kremote: Counting objects:  68% (72/105)   [Kremote: Counting objects:  69% (73/105)   [Kremote: Counting objects:  70% (74/105)   [Kremote: Counting objects:  71% (75/105)   [Kremote: Counting objects:  72% (76/105)   [Kremote: Counting objects:  73% (77/105)   [Kremote: Counting objects:  74% (78/105)   [Kremote: Counting objects:  75% (79/105)   [Kremote: Counting objects:  76% (80/105)   [Kremote: Counting objects:  77% (81/105)   [Kremote: Counting objects:  78% (82/105)   [Kremote: Counting objects:  79% (83/105)   [Kremote: Counting objects:  80% (84/105)   [Kremote: Counting objects:  81% (86/105)   [Kremote: Counting objects:  82% (87/105)   [Kremote: Counting objects:  83% (88/105)   [Kremote: Counting objects:  84% (89/105)   [Kremote: Counting objects:  85% (90/105)   [Kremote: Counting objects:  86% (91/105)   [Kremote: Counting objects:  87% (92/105)   [Kremote: Counting objects:  88% (93/105)   [Kremote: Counting objects:  89% (94/105)   [Kremote: Counting objects:  90% (95/105)   [Kremote: Counting objects:  91% (96/105)   [Kremote: Counting objects:  92% (97/105)   [Kremote: Counting objects:  93% (98/105)   [Kremote: Counting objects:  94% (99/105)   [Kremote: Counting objects:  95% (100/105)   [Kremote: Counting objects:  96% (101/105)   [Kremote: Counting objects:  97% (102/105)   [Kremote: Counting objects:  98% (103/105)   [Kremote: Counting objects:  99% (104/105)   [Kremote: Counting objects: 100% (105/105)   [Kremote: Counting objects: 100% (105/105), done.[K
remote: Compressing objects:   1% (1/84)   [Kremote: Compressing objects:   2% (2/84)   [Kremote: Compressing objects:   3% (3/84)   [Kremote: Compressing objects:   4% (4/84)   [Kremote: Compressing objects:   5% (5/84)   [Kremote: Compressing objects:   7% (6/84)   [Kremote: Compressing objects:   8% (7/84)   [Kremote: Compressing objects:   9% (8/84)   [Kremote: Compressing objects:  10% (9/84)   [Kremote: Compressing objects:  11% (10/84)   [Kremote: Compressing objects:  13% (11/84)   [Kremote: Compressing objects:  14% (12/84)   [Kremote: Compressing objects:  15% (13/84)   [Kremote: Compressing objects:  16% (14/84)   [Kremote: Compressing objects:  17% (15/84)   [Kremote: Compressing objects:  19% (16/84)   [Kremote: Compressing objects:  20% (17/84)   [Kremote: Compressing objects:  21% (18/84)   [Kremote: Compressing objects:  22% (19/84)   [Kremote: Compressing objects:  23% (20/84)   [Kremote: Compressing objects:  25% (21/84)   [Kremote: Compressing objects:  26% (22/84)   [Kremote: Compressing objects:  27% (23/84)   [Kremote: Compressing objects:  28% (24/84)   [Kremote: Compressing objects:  29% (25/84)   [Kremote: Compressing objects:  30% (26/84)   [Kremote: Compressing objects:  32% (27/84)   [Kremote: Compressing objects:  33% (28/84)   [Kremote: Compressing objects:  34% (29/84)   [Kremote: Compressing objects:  35% (30/84)   [Kremote: Compressing objects:  36% (31/84)   [Kremote: Compressing objects:  38% (32/84)   [Kremote: Compressing objects:  39% (33/84)   [Kremote: Compressing objects:  40% (34/84)   [Kremote: Compressing objects:  41% (35/84)   [Kremote: Compressing objects:  42% (36/84)   [Kremote: Compressing objects:  44% (37/84)   [Kremote: Compressing objects:  45% (38/84)   [Kremote: Compressing objects:  46% (39/84)   [Kremote: Compressing objects:  47% (40/84)   [Kremote: Compressing objects:  48% (41/84)   [Kremote: Compressing objects:  50% (42/84)   [Kremote: Compressing objects:  51% (43/84)   [Kremote: Compressing objects:  52% (44/84)   [Kremote: Compressing objects:  53% (45/84)   [Kremote: Compressing objects:  54% (46/84)   [Kremote: Compressing objects:  55% (47/84)   [Kremote: Compressing objects:  57% (48/84)   [Kremote: Compressing objects:  58% (49/84)   [Kremote: Compressing objects:  59% (50/84)   [Kremote: Compressing objects:  60% (51/84)   [Kremote: Compressing objects:  61% (52/84)   [Kremote: Compressing objects:  63% (53/84)   [Kremote: Compressing objects:  64% (54/84)   [Kremote: Compressing objects:  65% (55/84)   [Kremote: Compressing objects:  66% (56/84)   [Kremote: Compressing objects:  67% (57/84)   [Kremote: Compressing objects:  69% (58/84)   [Kremote: Compressing objects:  70% (59/84)   [Kremote: Compressing objects:  71% (60/84)   [Kremote: Compressing objects:  72% (61/84)   [Kremote: Compressing objects:  73% (62/84)   [Kremote: Compressing objects:  75% (63/84)   [Kremote: Compressing objects:  76% (64/84)   [Kremote: Compressing objects:  77% (65/84)   [Kremote: Compressing objects:  78% (66/84)   [Kremote: Compressing objects:  79% (67/84)   [Kremote: Compressing objects:  80% (68/84)   [Kremote: Compressing objects:  82% (69/84)   [Kremote: Compressing objects:  83% (70/84)   [Kremote: Compressing objects:  84% (71/84)   [Kremote: Compressing objects:  85% (72/84)   [Kremote: Compressing objects:  86% (73/84)   [Kremote: Compressing objects:  88% (74/84)   [Kremote: Compressing objects:  89% (75/84)   [Kremote: Compressing objects:  90% (76/84)   [Kremote: Compressing objects:  91% (77/84)   [Kremote: Compressing objects:  92% (78/84)   [Kremote: Compressing objects:  94% (79/84)   [Kremote: Compressing objects:  95% (80/84)   [Kremote: Compressing objects:  96% (81/84)   [Kremote: Compressing objects:  97% (82/84)   [Kremote: Compressing objects:  98% (83/84)   [Kremote: Compressing objects: 100% (84/84)   [Kremote: Compressing objects: 100% (84/84), done.[K
Unpacking objects:   1% (1/90)   Unpacking objects:   2% (2/90)   Unpacking objects:   3% (3/90)   Unpacking objects:   4% (4/90)   Unpacking objects:   5% (5/90)   Unpacking objects:   6% (6/90)   Unpacking objects:   7% (7/90)   Unpacking objects:   8% (8/90)   Unpacking objects:  10% (9/90)   Unpacking objects:  11% (10/90)   Unpacking objects:  12% (11/90)   Unpacking objects:  13% (12/90)   Unpacking objects:  14% (13/90)   Unpacking objects:  15% (14/90)   Unpacking objects:  16% (15/90)   Unpacking objects:  17% (16/90)   Unpacking objects:  18% (17/90)   Unpacking objects:  20% (18/90)   Unpacking objects:  21% (19/90)   Unpacking objects:  22% (20/90)   Unpacking objects:  23% (21/90)   Unpacking objects:  24% (22/90)   Unpacking objects:  25% (23/90)   Unpacking objects:  26% (24/90)   Unpacking objects:  27% (25/90)   Unpacking objects:  28% (26/90)   Unpacking objects:  30% (27/90)   Unpacking objects:  31% (28/90)   Unpacking objects:  32% (29/90)   Unpacking objects:  33% (30/90)   Unpacking objects:  34% (31/90)   Unpacking objects:  35% (32/90)   Unpacking objects:  36% (33/90)   Unpacking objects:  37% (34/90)   Unpacking objects:  38% (35/90)   Unpacking objects:  40% (36/90)   Unpacking objects:  41% (37/90)   Unpacking objects:  42% (38/90)   Unpacking objects:  43% (39/90)   Unpacking objects:  44% (40/90)   Unpacking objects:  45% (41/90)   Unpacking objects:  46% (42/90)   Unpacking objects:  47% (43/90)   Unpacking objects:  48% (44/90)   Unpacking objects:  50% (45/90)   remote: Total 90 (delta 49), reused 0 (delta 0)[K
Unpacking objects:  51% (46/90)   Unpacking objects:  52% (47/90)   Unpacking objects:  53% (48/90)   Unpacking objects:  54% (49/90)   Unpacking objects:  55% (50/90)   Unpacking objects:  56% (51/90)   Unpacking objects:  57% (52/90)   Unpacking objects:  58% (53/90)   Unpacking objects:  60% (54/90)   Unpacking objects:  61% (55/90)   Unpacking objects:  62% (56/90)   Unpacking objects:  63% (57/90)   Unpacking objects:  64% (58/90)   Unpacking objects:  65% (59/90)   Unpacking objects:  66% (60/90)   Unpacking objects:  67% (61/90)   Unpacking objects:  68% (62/90)   Unpacking objects:  70% (63/90)   Unpacking objects:  71% (64/90)   Unpacking objects:  72% (65/90)   Unpacking objects:  73% (66/90)   Unpacking objects:  74% (67/90)   Unpacking objects:  75% (68/90)   Unpacking objects:  76% (69/90)   Unpacking objects:  77% (70/90)   Unpacking objects:  78% (71/90)   Unpacking objects:  80% (72/90)   Unpacking objects:  81% (73/90)   Unpacking objects:  82% (74/90)   Unpacking objects:  83% (75/90)   Unpacking objects:  84% (76/90)   Unpacking objects:  85% (77/90)   Unpacking objects:  86% (78/90)   Unpacking objects:  87% (79/90)   Unpacking objects:  88% (80/90)   Unpacking objects:  90% (81/90)   Unpacking objects:  91% (82/90)   Unpacking objects:  92% (83/90)   Unpacking objects:  93% (84/90)   Unpacking objects:  94% (85/90)   Unpacking objects:  95% (86/90)   Unpacking objects:  96% (87/90)   Unpacking objects:  97% (88/90)   Unpacking objects:  98% (89/90)   Unpacking objects: 100% (90/90)   Unpacking objects: 100% (90/90), done.
From ssh://remote.cs.binghamton.edu/~umrigar/git-repos/cs240
   0b7b862..5dd8253  master     -> origin/master
Updating 0b7b862..5dd8253
Fast-forward
 index.html                                  |  24 [32m+[m[31m-[m
 index.umt                                   |   6 [32m+[m
 labs/index.html                             |   4 [32m+[m[31m-[m
 labs/index.umt                              |   9 [32m+[m[31m-[m
 labs/lab2/exercises/.gitignore              |   1 [32m+[m
 labs/lab2/exercises/1-hello/.gitignore      |   1 [32m+[m
 labs/lab2/exercises/1-hello/Makefile        |   3 [32m+[m
 labs/lab2/exercises/1-hello/README          |   1 [32m+[m
 labs/lab2/exercises/1-hello/hello.cc        |  22 [32m++[m
 labs/lab2/exercises/2-hello/.gitignore      |   1 [32m+[m
 labs/lab2/exercises/2-hello/Makefile        |   3 [32m+[m
 labs/lab2/exercises/2-hello/README          |   4 [32m+[m
 labs/lab2/exercises/2-hello/hello.cc        |  48 [32m++++[m
 labs/lab2/exercises/3-overload/.gitignore   |   1 [32m+[m
 labs/lab2/exercises/3-overload/Makefile     |   3 [32m+[m
 labs/lab2/exercises/3-overload/overload.cc  |  16 [32m++[m
 labs/lab2/exercises/Makefile                |   2 [32m+[m
 labs/lab2/lab2.html                         | 257 [32m++++++++++++++++++++[m
 labs/lab2/lab2.pdf                          | Bin [31m0[m -> [32m93531[m bytes
 labs/lab2/lab2.umt                          | 358 [32m++++++++++++++++++++++++++++[m
 labs/lab2/lab2/hl-fine_blue.css             |  19 [32m++[m
 labs/lab2/lab2/hl-fine_blue.sty             |  19 [32m++[m
 labs/submission/submission/hl-fine_blue.css |   2 [32m+[m[31m-[m
 labs/submission/submission/hl-fine_blue.sty |   2 [32m+[m[31m-[m
 slides/c++-intro/c++-intro.html             | 228 [32m++++++++++++++[m[31m----[m
 slides/c++-intro/c++-intro.pdf              | Bin [31m167175[m -> [32m201292[m bytes
 slides/c++-intro/c++-intro.umt              | 148 [32m+++++++++++[m[31m-[m
 slides/c++-intro/c++-intro/hl-fine_blue.css |   2 [32m+[m[31m-[m
 slides/c++-intro/c++-intro/hl-fine_blue.sty |   2 [32m+[m[31m-[m
 slides/c++-intro/code/.gitignore            |   6 [32m+[m
 slides/c++-intro/code/Makefile              |  12 [32m+[m[31m-[m
 slides/c++-intro/code/alloc-dealloc.cc      |  26 [32m++[m
 slides/c++-intro/code/class-point.cc        |  33 [32m+++[m
 slides/c++-intro/code/struct-point.cc       |  31 [32m+++[m
 slides/c++-intro/code/sum-array.cc          |  14 [32m+[m[31m-[m
 slides/c++-intro/code/vec1.cc               |  40 [32m++++[m
 36 files changed, 1266 insertions(+), 82 deletions(-)
 create mode 100644 labs/lab2/exercises/.gitignore
 create mode 100644 labs/lab2/exercises/1-hello/.gitignore
 create mode 100644 labs/lab2/exercises/1-hello/Makefile
 create mode 100644 labs/lab2/exercises/1-hello/README
 create mode 100644 labs/lab2/exercises/1-hello/hello.cc
 create mode 100644 labs/lab2/exercises/2-hello/.gitignore
 create mode 100644 labs/lab2/exercises/2-hello/Makefile
 create mode 100644 labs/lab2/exercises/2-hello/README
 create mode 100644 labs/lab2/exercises/2-hello/hello.cc
 create mode 100644 labs/lab2/exercises/3-overload/.gitignore
 create mode 100644 labs/lab2/exercises/3-overload/Makefile
 create mode 100644 labs/lab2/exercises/3-overload/overload.cc
 create mode 100644 labs/lab2/exercises/Makefile
 create mode 100644 labs/lab2/lab2.html
 create mode 100644 labs/lab2/lab2.pdf
 create mode 100644 labs/lab2/lab2.umt
 create mode 100644 labs/lab2/lab2/hl-fine_blue.css
 create mode 100644 labs/lab2/lab2/hl-fine_blue.sty
 create mode 100644 slides/c++-intro/code/.gitignore
 create mode 100644 slides/c++-intro/code/alloc-dealloc.cc
 create mode 100644 slides/c++-intro/code/class-point.cc
 create mode 100644 slides/c++-intro/code/struct-point.cc
 create mode 100644 slides/c++-intro/code/vec1.cc
hkilic2@g7-27:~/cs240$ cd ~/i240X [1P b 
hkilic2@g7-27:~/i240b$ git checkout -b labN[K2
fatal: A branch named 'lab2' already exists.
hkilic2@g7-27:~/i240b$ mkdir -p submit/labN[K2
hkilic2@g7-27:~/i240b$ cd submit/labN[K2
hkilic2@g7-27:~/i240b/submit/lab2$ script -a labN.LOG[1P.LOG2.LOG
Script started, file is lab2.LOG
hkilic2@g7-27:~/i240b/submit/lab2$ cd ~/i240?/submit/lab2[1P/submit/lab2b/submit/lab2
hkilic2@g7-27:~/i240b/submit/lab2$ cp -r ~/cs240/labs/lab2/exercises/* .
hkilic2@g7-27:~/i240b/submit/lab2$ cd exercises/1-hello
bash: cd: exercises/1-hello: No such file or directory
hkilic2@g7-27:~/i240b/submit/lab2$  cd ~/i240?/submit/lab1/0-hello[1P/submit/lab1/0-hellob/submit/lab1/0-hello[C[C[C[C[C[C[C[C[C[C[C[C[1P/0-hello2/0-hello[C[C
bash: cd: /home/hkilic2/i240b/submit/lab2/0-hello: No such file or directory
hkilic2@g7-27:~/i240b/submit/lab2$  cd ~/i240b/submit/lab2/0-hello[1P-hello1-hello
hkilic2@g7-27:~/i240b/submit/lab2/1-hello$ cd ~/i240?/submit/lab1/0-hello
hkilic2@g7-27:~/i240b/submit/lab1/0-hello$ ls -l
total 24
-rwxr-xr-x 1 hkilic2 hkilic2 17248 Jan 30 17:05 hello
-rw-r--r-- 1 hkilic2 hkilic2    79 Jan 30 19:41 hello.cc
hkilic2@g7-27:~/i240b/submit/lab1/0-hello$ maek[K[Kke
make: *** No targets specified and no makefile found.  Stop.
hkilic2@g7-27:~/i240b/submit/lab1/0-hello$ make hello
g++     hello.cc   -o hello
hkilic2@g7-27:~/i240b/submit/lab1/0-hello$ la -l
bash: la: command not found
hkilic2@g7-27:~/i240b/submit/lab1/0-hello$ ls -l
total 24
-rwxr-xr-x 1 hkilic2 hkilic2 17248 Feb  6 17:05 hello
-rw-r--r-- 1 hkilic2 hkilic2    79 Jan 30 19:41 hello.cc
hkilic2@g7-27:~/i240b/submit/lab1/0-hello$ file
Usage: file [-bcCdEhikLlNnprsvzZ0] [--apple] [--extension] [--mime-encoding]
            [--mime-type] [-e <testname>] [-F <separator>]  [-f <namefile>]
            [-m <magicfiles>] [-P <parameter=value>] <file> ...
       file -C [-m <magicfiles>]
       file [--help]
hkilic2@g7-27:~/i240b/submit/lab1/0-hello$ ./hello
hello world
hkilic2@g7-27:~/i240b/submit/lab1/0-hello$ make -p l [K[K[K \[K
make: *** No targets specified and no makefile found.  Stop.
# GNU Make 4.2.1
# Built for x86_64-pc-linux-gnu
# Copyright (C) 1988-2016 Free Software Foundation, Inc.
# License GPLv3+: GNU GPL version 3 or later <http://gnu.org/licenses/gpl.html>
# This is free software: you are free to change and redistribute it.
# There is NO WARRANTY, to the extent permitted by law.

# Make data base, printed on Thu Feb  6 17:07:42 2020

# Variables

# automatic
<D = $(patsubst %/,%,$(dir $<))
# automatic
?F = $(notdir $?)
# environment
DESKTOP_SESSION = lightdm-xsession
# default
.SHELLFLAGS := -c
# environment
XDG_SESSION_CLASS = user
# environment
XDG_SESSION_TYPE = x11
# default
CWEAVE = cweave
# automatic
?D = $(patsubst %/,%,$(dir $?))
# automatic
@D = $(patsubst %/,%,$(dir $@))
# environment
XAUTHORITY = /home/hkilic2/.Xauthority
# environment
GDMSESSION = lightdm-xsession
# default
MAKE_VERSION := 4.2.1
# makefile
CURDIR := /import/linux/home1/hkilic2/projects/i240b/submit/lab1/0-hello
# makefile
SHELL = /bin/sh
# default
RM = rm -f
# default
CO = co
# environment
VTE_VERSION = 5402
# environment
_ = /usr/bin/make
# default
PREPROCESS.F = $(FC) $(FFLAGS) $(CPPFLAGS) $(TARGET_ARCH) -F
# default
LINK.m = $(OBJC) $(OBJCFLAGS) $(CPPFLAGS) $(LDFLAGS) $(TARGET_ARCH)
# environment
XDG_CONFIG_DIRS = /etc/xdg
# default
OUTPUT_OPTION = -o $@
# default
COMPILE.cpp = $(COMPILE.cc)
# makefile
MAKEFILE_LIST := 
# automatic
@F = $(notdir $@)
# 'override' directive
GNUMAKEFLAGS := 
# default
LINK.p = $(PC) $(PFLAGS) $(CPPFLAGS) $(LDFLAGS) $(TARGET_ARCH)
# environment
MAKELEVEL := 0
# environment
XDG_DATA_DIRS = /usr/share/xfce4:/usr/local/share/:/usr/share/:/usr/share
# environment
DBUS_SESSION_BUS_ADDRESS = unix:path=/run/user/14784/bus
# default
CC = cc
# environment
GLADE_PIXMAP_PATH = :
# default
CHECKOUT,v = +$(if $(wildcard $@),,$(CO) $(COFLAGS) $< $@)
# default
CPP = $(CC) -E
# default
LINK.cc = $(CXX) $(CXXFLAGS) $(CPPFLAGS) $(LDFLAGS) $(TARGET_ARCH)
# environment
XDG_SESSION_PATH = /org/freedesktop/DisplayManager/Session22
# environment
KRB5CCNAME = FILE:/tmp/krb5cc_14784_qNAC8X
# default
MAKE_HOST := x86_64-pc-linux-gnu
# environment
PATH = /usr/local/bin:/usr/bin:/bin:/usr/local/games:/usr/games
# default
LD = ld
# default
TEXI2DVI = texi2dvi
# default
YACC = yacc
# environment
SESSION_MANAGER = local/g7-27:@/tmp/.ICE-unix/1525335,unix/g7-27:/tmp/.ICE-unix/1525335
# default
COMPILE.mod = $(M2C) $(M2FLAGS) $(MODFLAGS) $(TARGET_ARCH)
# environment
XDG_RUNTIME_DIR = /run/user/14784
# default
ARFLAGS = rv
# default
LINK.r = $(FC) $(FFLAGS) $(RFLAGS) $(LDFLAGS) $(TARGET_ARCH)
# environment
WINDOWID = 50331651
# default
COMPILE.f = $(FC) $(FFLAGS) $(TARGET_ARCH) -c
# default
LINT.c = $(LINT) $(LINTFLAGS) $(CPPFLAGS) $(TARGET_ARCH)
# default
YACC.m = $(YACC) $(YFLAGS)
# default
LINT = lint
# default
YACC.y = $(YACC) $(YFLAGS)
# default
AR = ar
# environment
XDG_MENU_PREFIX = xfce-
# default
.FEATURES := target-specific order-only second-expansion else-if shortest-stem undefine oneshell archives jobserver output-sync check-symlink load
# default
TANGLE = tangle
# environment
GLADE_MODULE_PATH = :
# environment
XDG_GREETER_DATA_DIR = /var/lib/lightdm/data/hkilic2
# environment
XDG_SESSION_DESKTOP = lightdm-xsession
# environment
SSH_AUTH_SOCK = /tmp/ssh-2HD9LK5BMVaJ/agent.1525290
# default
GET = get
# automatic
%F = $(notdir $%)
# environment
DISPLAY = :5.0
# default
COMPILE.F = $(FC) $(FFLAGS) $(CPPFLAGS) $(TARGET_ARCH) -c
# default
CTANGLE = ctangle
# default
.LIBPATTERNS = lib%.so lib%.a
# default
LINK.C = $(LINK.cc)
# environment
PWD = /home/hkilic2/i240b/submit/lab1/0-hello
# default
.LOADED := 
# default
LINK.S = $(CC) $(ASFLAGS) $(CPPFLAGS) $(LDFLAGS) $(TARGET_MACH)
# environment
XDG_SEAT = seat0
# default
PREPROCESS.r = $(FC) $(FFLAGS) $(RFLAGS) $(TARGET_ARCH) -F
# environment
SSH_AGENT_PID = 1525325
# default
LINK.c = $(CC) $(CFLAGS) $(CPPFLAGS) $(LDFLAGS) $(TARGET_ARCH)
# environment
GTK_MODULES = gail:atk-bridge
# default
LINK.s = $(CC) $(ASFLAGS) $(LDFLAGS) $(TARGET_MACH)
# environment
HOME = /home/hkilic2
# environment
LOGNAME = hkilic2
# automatic
^D = $(patsubst %/,%,$(dir $^))
# environment
XDG_VTNR = 12
# environment
GLADE_CATALOG_PATH = :
# default
COMPILE.m = $(OBJC) $(OBJCFLAGS) $(CPPFLAGS) $(TARGET_ARCH) -c
# environment
COLORTERM = truecolor
# default
MAKE = $(MAKE_COMMAND)
# environment
SHLVL = 3
# default
AS = as
# default
PREPROCESS.S = $(CC) -E $(CPPFLAGS)
# default
COMPILE.p = $(PC) $(PFLAGS) $(CPPFLAGS) $(TARGET_ARCH) -c
# environment
XDG_SESSION_ID = 73
# environment
USER = hkilic2
# default
FC = f77
# makefile
.DEFAULT_GOAL := 
# environment
XDG_CURRENT_DESKTOP = XFCE
# automatic
%D = $(patsubst %/,%,$(dir $%))
# default
WEAVE = weave
# default
MAKE_COMMAND := make
# default
LINK.cpp = $(LINK.cc)
# default
F77 = $(FC)
# environment
OLDPWD = /home/hkilic2/i240b/submit/lab2/1-hello
# default
.VARIABLES := 
# deScript started on 2020-02-06 17:02:43-05:00 [TERM="xterm-256color" TTY="/dev/pts/3" COLUMNS="80" LINES="24"]
hkilic2@g7-27:~/i240b/submit/lab2$ cd ~/i240?/submit/lab2[1P/submit/lab2b/submit/lab2
hkilic2@g7-27:~/i240b/submit/lab2$ cp -r ~/cs240/labs/lab2/exercises/* .
hkilic2@g7-27:~/i240b/submit/lab2$ cd exercises/1-hello
bash: cd: exercises/1-hello: No such file or directory
hkilic2@g7-27:~/i240b/submit/lab2$  cd ~/i240?/submit/lab1/0-hello[1P/submit/lab1/0-hellob/submit/lab1/0-hello[C[C[C[C[C[C[C[C[C[C[C[C[1P/0-hello2/0-hello[C[C
bash: cd: /home/hkilic2/i240b/submit/lab2/0-hello: No such file or directory
hkilic2@g7-27:~/i240b/submit/lab2$  cd ~/i240b/submit/lab2/0-hello[1P-hello1-hello
hkilic2@g7-27:~/i240b/submit/lab2/1-hello$ cd ~/i240?/submit/lab1/0-hello
hkilic2@g7-27:~/i240b/submit/lab1/0-hello$ ls -l
total 24
-rwxr-xr-x 1 hkilic2 hkilic2 17248 Jan 30 17:05 hello
-rw-r--r-- 1 hkilic2 hkilic2    79 Jan 30 19:41 hello.cc
hkilic2@g7-27:~/i240b/submit/lab1/0-hello$ maek[K[Kke
make: *** No targets specified and no makefile found.  Stop.
hkilic2@g7-27:~/i240b/submit/lab1/0-hello$ make hello
g++     hello.cc   -o hello
hkilic2@g7-27:~/i240b/submit/lab1/0-hello$ la -l
bash: la: command not found
hkilic2@g7-27:~/i240b/submit/lab1/0-hello$ ls -l
total 24
-rwxr-xr-x 1 hkilic2 hkilic2 17248 Feb  6 17:05 hello
-rw-r--r-- 1 hkilic2 hkilic2    79 Jan 30 19:41 hello.cc
hkilic2@g7-27:~/i240b/submit/lab1/0-hello$ file
Usage: file [-bcCdEhikLlNnprsvzZ0] [--apple] [--extension] [--mime-encoding]
            [--mime-type] [-e <testname>] [-F <separator>]  [-f <namefile>]
            [-m <magicfiles>] [-P <parameter=value>] <file> ...
       file -C [-m <magicfiles>]
       file [--help]
hkilic2@g7-27:~/i240b/submit/lab1/0-hello$ ./hello
hello world
hkilic2@g7-27:~/i240b/submit/lab1/0-hello$ make -p l [K[K[K \[K
make: *** No targets specified and no makefile found.  Stop.
# GNU Make 4.2.1
# Built for x86_64-pc-linux-gnu
# Copyright (C) 1988-2016 Free Software Foundation, Inc.
# License GPLv3+: GNU GPL version 3 or later <http://gnu.org/licenses/gpl.html>
# This is free software: you are free to change and redistribute it.
# There is NO WARRANTY, to the extent permitted by law.

# Make data base, printed on Thu Feb  6 17:07:42 2020

# Variables

# automatic
<D = $(patsubst %/,%,$(dir $<))
# automatic
?F = $(notdir $?)
# environment
DESKTOP_SESSION = lightdm-xsession
# default
.SHELLFLAGS := -c
# environment
XDG_SESSION_CLASS = user
# environment
XDG_SESSION_TYPE = x11
# default
CWEAVE = cweave
# automatic
?D = $(patsubst %/,%,$(dir $?))
# automatic
@D = $(patsubst %/,%,$(dir $@))
# environment
XAUTHORITY = /home/hkilic2/.Xauthority
# environment
GDMSESSION = lightdm-xsession
# default
MAKE_VERSION := 4.2.1
# makefile
CURDIR := /import/linux/home1/hkilic2/projects/i240b/submit/lab1/0-hello
# makefile
SHELL = /bin/sh
# default
RM = rm -f
# default
CO = co
# environment
VTE_VERSION = 5402
# environment
_ = /usr/bin/make
# default
PREPROCESS.F = $(FC) $(FFLAGS) $(CPPFLAGS) $(TARGET_ARCH) -F
# default
LINK.m = $(OBJC) $(OBJCFLAGS) $(CPPFLAGS) $(LDFLAGS) $(TARGET_ARCH)
# environment
XDG_CONFIG_DIRS = /etc/xdg
# default
OUTPUT_OPTION = -o $@
# default
COMPILE.cpp = $(COMPILE.cc)
# makefile
MAKEFILE_LIST := 
# automatic
@F = $(notdir $@)
# 'override' directive
GNUMAKEFLAGS := 
# default
LINK.p = $(PC) $(PFLAGS) $(CPPFLAGS) $(LDFLAGS) $(TARGET_ARCH)
# environment
MAKELEVEL := 0
# environment
XDG_DATA_DIRS = /usr/share/xfce4:/usr/local/share/:/usr/share/:/usr/share
# environment
DBUS_SESSION_BUS_ADDRESS = unix:path=/run/user/14784/bus
# default
CC = cc
# environment
GLADE_PIXMAP_PATH = :
# default
CHECKOUT,v = +$(if $(wildcard $@),,$(CO) $(COFLAGS) $< $@)
# default
CPP = $(CC) -E
# default
LINK.cc = $(CXX) $(CXXFLAGS) $(CPPFLAGS) $(LDFLAGS) $(TARGET_ARCH)
# environment
XDG_SESSION_PATH = /org/freedesktop/DisplayManager/Session22
# environment
KRB5CCNAME = FILE:/tmp/krb5cc_14784_qNAC8X
# default
MAKE_HOST := x86_64-pc-linux-gnu
# environment
PATH = /usr/local/bin:/usr/bin:/bin:/usr/local/games:/usr/games
# default
LD = ld
# default
TEXI2DVI = texi2dvi
# default
YACC = yacc
# environment
SESSION_MANAGER = local/g7-27:@/tmp/.ICE-unix/1525335,unix/g7-27:/tmp/.ICE-unix/1525335
# default
COMPILE.mod = $(M2C) $(M2FLAGS) $(MODFLAGS) $(TARGET_ARCH)
# environment
XDG_RUNTIME_DIR = /run/user/14784
# default
ARFLAGS = rv
# default
LINK.r = $(FC) $(FFLAGS) $(RFLAGS) $(LDFLAGS) $(TARGET_ARCH)
# environment
WINDOWID = 50331651
# default
COMPILE.f = $(FC) $(FFLAGS) $(TARGET_ARCH) -c
# default
LINT.c = $(LINT) $(LINTFLAGS) $(CPPFLAGS) $(TARGET_ARCH)
# default
YACC.m = $(YACC) $(YFLAGS)
# default
LINT = lint
# default
YACC.y = $(YACC) $(YFLAGS)
# default
AR = ar
# environment
XDG_MENU_PREFIX = xfce-
# default
.FEATURES := target-specific order-only second-expansion else-if shortest-stem undefine oneshell archives jobserver output-sync check-symlink load
# default
TANGLE = tangle
# environment
GLADE_MODULE_PATH = :
# environment
XDG_GREETER_DATA_DIR = /var/lib/lightdm/data/hkilic2
# environment
XDG_SESSION_DESKTOP = lightdm-xsession
# environment
SSH_AUTH_SOCK = /tmp/ssh-2HD9LK5BMVaJ/agent.1525290
# default
GET = get
# automatic
%F = $(notdir $%)
# environment
DISPLAY = :5.0
# default
COMPILE.F = $(FC) $(FFLAGS) $(CPPFLAGS) $(TARGET_ARCH) -c
# default
CTANGLE = ctangle
# default
.LIBPATTERNS = lib%.so lib%.a
# default
LINK.C = $(LINK.cc)
# environment
PWD = /home/hkilic2/i240b/submit/lab1/0-hello
# default
.LOADED := 
# default
LINK.S = $(CC) $(ASFLAGS) $(CPPFLAGS) $(LDFLAGS) $(TARGET_MACH)
# environment
XDG_SEAT = seat0
# default
PREPROCESS.r = $(FC) $(FFLAGS) $(RFLAGS) $(TARGET_ARCH) -F
# environment
SSH_AGENT_PID = 1525325
# default
LINK.c = $(CC) $(CFLAGS) $(CPPFLAGS) $(LDFLAGS) $(TARGET_ARCH)
# environment
GTK_MODULES = gail:atk-bridge
# default
LINK.s = $(CC) $(ASFLAGS) $(LDFLAGS) $(TARGET_MACH)
# environment
HOME = /home/hkilic2
# environment
LOGNAME = hkilic2
# automatic
^D = $(patsubst %/,%,$(dir $^))
# environment
XDG_VTNR = 12
# environment
GLADE_CATALOG_PATH = :
# default
COMPILE.m = $(OBJC) $(OBJCFLAGS) $(CPPFLAGS) $(TARGET_ARCH) -c
# environment
COLORTERM = truecolor
# default
MAKE = $(MAKE_COMMAND)
# environment
SHLVL = 3
# default
AS = as
# default
PREPROCESS.S = $(CC) -E $(CPPFLAGS)
# default
COMPILE.p = $(PC) $(PFLAGS) $(CPPFLAGS) $(TARGET_ARCH) -c
# environment
XDG_SESSION_ID = 73
# environment
USER = hkilic2
# default
FC = f77
# makefile
.DEFAULT_GOAL := 
# environment
XDG_CURRENT_DESKTOP = XFCE
# automatic
%D = $(patsubst %/,%,$(dir $%))
# default
WEAVE = weave
# default
MAKE_COMMAND := make
# default
LINK.cpp = $(LINK.cc)
# default
F77 = $(FC)
# environment
OLDPWD = /home/hkilic2/i240b/submit/lab2/1-hello
# default
.VARIABLES := 
# default
PC = pc
# automatic
*F = $(notdir $*)
# environment
XDG_SEAT_PATH = /org/freedesktop/DisplayManager/Seat0
# default
COMPILE.def = $(M2C) $(M2FLAGS) $(DEFFLAGS) $(TARGET_ARCH)
# default
LEX = lex
# makefile
MAKEFLAGS = p
# environment
MFLAGS = -p
# automatic
*D = $(patsubst %/,%,$(dir $*))
# default
LEX.l = $(LEX) $(LFLAGS) -t
# default
LEX.m = $(LEX) $(LFLAGS) -t
# automatic
+D = $(patsubst %/,%,$(dir $+))
# default
COMPILE.r = $(FC) $(FFLAGS) $(RFLAGS) $(TARGET_ARCH) -c
# default
MAKE_TERMOUT := /dev/pts/4
# automatic
+F = $(notdir $+)
# default
M2C = m2c
# environment
QT_ACCESSIBILITY = 1
# default
MAKEFILES := 
# default
COMPILE.cc = $(CXX) $(CXXFLAGS) $(CPPFLAGS) $(TARGET_ARCH) -c
# automatic
<F = $(notdir $<)
# default
CXX = g++
# default
COFLAGS = 
# default
COMPILE.C = $(COMPILE.cc)
# automatic
^F = $(notdir $^)
# default
COMPILE.S = $(CC) $(ASFLAGS) $(CPPFLAGS) $(TARGET_MACH) -c
# default
LINK.F = $(FC) $(FFLAGS) $(CPPFLAGS) $(LDFLAGS) $(TARGET_ARCfault
PC = pc
# automatic
*F = $(notdir $*)
# environment
XDG_SEAT_PATH = /org/freedesktop/DisplayManager/Seat0
# default
COMPILE.def = $(M2C) $(M2FLAGS) $(DEFFLAGS) $(TARGET_ARCH)
# default
LEX = lex
# makefile
MAKEFLAGS = p
# environment
MFLAGS = -p
# automatic
*D = $(patsubst %/,%,$(dir $*))
# default
LEX.l = $(LEX) $(LFLAGS) -t
# default
LEX.m = $(LEX) $(LFLAGS) -t
# automatic
+D = $(patsubst %/,%,$(dir $+))
# default
COMPILE.r = $(FC) $(FFLAGS) $(RFLAGS) $(TARGET_ARCH) -c
# default
MAKE_TERMOUT := /dev/pts/4
# automatic
+F = $(notdir $+)
# default
M2C = m2c
# environment
QT_ACCESSIBILITY = 1
# default
MAKEFILES := 
# default
COMPILE.cc = $(CXX) $(CXXFLAGS) $(CPPFLAGS) $(TARGET_ARCH) -c
# automatic
<F = $(notdir $<)
# default
CXX = g++
# default
COFLAGS = 
# default
COMPILE.C = $(COMPILE.cc)
# automatic
^F = $(notdir $^)
# default
COMPILE.S = $(CC) $(ASFLAGS) $(CPPFLAGS) $(TARGET_MACH) -c
# default
LINK.F = $(FC) $(FFLAGS) $(CPPFLAGS) $(LDFLAGS) $(TARGET_ARCH)
# default
SUFFIXES := .out .a .ln .o .c .cc .C .cpp .p .f .F .m .r .y .l .ym .yl .s .S .mod .sym .def .h .info .dvi .tex .texinfo .texi .txinfo .w .ch .web .sh .elc .el
# default
COMPILE.c = $(CC) $(CFLAGS) $(CPPFLAGS) $(TARGET_ARCH) -c
# default
COMPILE.s = $(AS) $(ASFLAGS) $(TARGET_MACH)
# default
.INCLUDE_DIRS = /usr/include /usr/local/include /usr/include
# default
.RECIPEPREFIX := 
# default
MAKEINFO = makeinfo
# default
MAKE_TERMERR := /dev/pts/4
# default
OBJC = cc
# default
LINK.f = $(FC) $(FFLAGS) $(LDFLAGS) $(TARGET_ARCH)
# default
TEX = tex
# environment
LANG = en_US.UTF-8
# environment
TERM = xterm-256color
# default
F77FLAGS = $(FFLAGS)
# default
LINK.o = $(CC) $(LDFLAGS) $(TARGET_ARCH)
# variable set hash-table stats:
# Load=140/1024=14%, Rehash=0, Collisions=17/164=10%

# Pattern-specific Variable Values

# No pattern-specific variable values.

# Directories

# SCCS: could not be stat'd.
# . (device 58, inode 80232456227): 5 files, 57 impossibilities.
# RCS: could not be stat'd.

# 5 files, 57 impossibilities in 3 directories.

# Implicit Rules

%.out:

%.a:

%.ln:

%.o:

%: %.o
#  recipe to execute (built-in):
	$(LINK.o) $^ $(LOADLIBES) $(LDLIBS) -o $@

%.c:

%: %.c
#  recipe to execute (built-in):
	$(LINK.c) $^ $(LOADLIBES) $(LDLIBS) -o $@

%.ln: %.c
#  recipe to execute (built-in):
	$(LINT.c) -C$* $<

%.o: %.c
#  recipe to execute (built-in):
	$(COMPILE.c) $(OUTPUT_OPTION) $<

%.cc:

%: %.cc
#  recipe to execute (built-in):
	$(LINK.cc) $^ $(LOADLIBES) $(LDLIBS) -o $@

%.o: %.cc
#  recipe to execute (built-in):
	$(COMPILE.cc) $(OUTPUT_OPTION) $<

%.C:

%: %.C
#  recipe to execute (built-in):
	$(LINK.C) $^ $(LOADLIBES) $(LDLIBS) -o $@

%.o: %.C
#  recipe to execute (built-in):
	$(COMPILE.C) $(OUTPUT_OPTION) $<

%.cpp:

%: %.cpp
#  recipe to execute (built-in):
	$(LINK.cpp) $^ $(LOADLIBES) $(LDLIBS) -o $@

%.o: %.cpp
#  recipe to execute (built-in):
	$(COMPILE.cpp) $(OUTPUT_OPTION) $<

%.p:

%: %.p
#  recipe to execute (built-in):
	$(LINK.p) $^ $(LOADLIBES) $(LDLIBS) -o $@

%.o: %.p
#  recipe to execute (built-in):
	$(COMPILE.p) $(OUTPUT_OPTION) $<

%.f:

%: %.f
#  recipe to execute (built-in):
	$(LINK.f) $^ $(LOADLIBES) $(LDLIBS) -o $@

%.o: %.f
#  recipe to execute (built-in):
	$(COMPILE.f) $(OUTPUT_OPTION) $<

%.F:

%: %.F
#  recipe to execute (built-in):
	$(LINK.F) $^ $(LOADLIBES) $(LDLIBS) -o $@

%.o: %.F
#  recipe to execute (built-in):
	$(COMPILE.F) $(OUTPUT_OPTION) $<

%.f: %.F
#  recipe to execute (built-in):
	$(PREPROCESS.F) $(OUTPUT_OPTION) $<

%.m:

%: %.m
#  recipe to execute (built-in):
	$(LINK.m) $^ $(LOADLIBES) $(LDLIBS) -o $@

%.o: %.m
#  recipe to execute (built-in):
	$(COMPILE.m) $(OUTPUT_OPTION) $<

%.r:

%: %.r
#  recipe to execute (built-in):
	$(LINK.r) $^ $(LOADLIBES) $(LDLIBS) -o $@

%.o: %.r
#  recipe to execute (built-in):
	$(COMPILE.r) $(OUTPUT_OPTION) $<

%.f: %.r
#  recipe to execute (built-in):
	$(PREPROCESS.r) $(OUTPUT_OPTION) $<

%.y:

%.ln: %.y
#  recipe to execute (built-in):
	$(YACC.y) $< 
	 $(LINT.c) -C$* y.tab.c 
	 $(RM) y.tab.c

%.c: %.y
#  recipe to execute (built-in):
	$(YACC.y) $< 
	 mv -f y.tab.c $@

%.l:

%.ln: %.l
#  recipe to execute (built-in):
	@$(RM) $*.c
	 $(LEX.l) $< > $*.c
	$(LINT.c) -i $*.c -o $@
	 $(RM) $*.c

%.c: %.l
#  recipe to execute (built-in):
	@$(RM) $@ 
	 $(LEX.l) $< > $@

%.r: %.l
#  recipe to execute (built-in):
	$(LEX.l) $< > $@ 
	 mv -f lex.yy.r $@

%.ym:

%.m: %.ym
#  recipe to execute (built-in):
	$(YACC.m) $< 
	 mv -f y.tab.c $@

%.yl:

%.s:

%: %.s
#  recipe to execute (built-in):
	$(LINK.s) $^ $(LOADLIBES) $(LDLIBS) -o $@

%.o: %.s
#  recipe to execute (built-in):
	$(COMPILE.s) -o $@ $<

%.S:

%: %.S
#  recipe to execute (built-in):
	$(LINK.S) $^ $(LOADLIBES) $(LDLIBS) -o $@

%.o: %.S
#  recipe to execute (built-in):
	$(COMPILE.S) -o $@ $<

%.s: %.S
#  recipe to execute (built-in):
	$(PREPROCESS.S) $< > $@

%.mod:

%: %.mod
#  recipe to execute (built-in):
	$(COMPILE.mod) -o $@ -e $@ $^

%.o: %.mod
#  recipe to execute (built-in):
	$(COMPILE.mod) -o $@ $<

%.sym:

%.def:

%.sym: %.def
#  recipe to execute (built-in):
	$(COMPILE.def) -o $@ $<

%.h:

%.info:

%.dvi:

%.tex:

%.dvi: %.tex
#  recipe to execute (built-in):
	$(TEX) $<

%.texinfo:

%.info: %.texinfo
#  recipe to execute (built-in):
	$(MAKEINFO) $(MAKEINFO_FLAGS) $< -o $@

%.dvi: %.texinfo
#  recipe to execute (built-in):
	$(TEXI2DVI) $(TEXI2DVI_FLAGS) $<

%.texi:

%.info: %.texi
#  recipe to execute (built-in):
	$(MAKEINFO) $(MAKEINFO_FLAGS) $< -o $@

%.dvi: %.texi
#  recipe to execute (built-in):
	$(TEXI2DVI) $(TEXI2DVI_FLAGS) $<

%.txinfo:

%.info: %.txinfo
#  recipe to execute (built-in):
	$(MAKEINFO) $(MAKEINFO_FLAGS) $< -o $@

%.dvi: %.txinfo
#  recipe to execute (built-in):
	$(TEXI2DVI) $(TEXI2DVI_FLAGS) $<

%.w:

%.c: %.w
#  recipe to execute (built-in):
	$(CTANGLE) $< - $@

%.tex: %.w
#  recipe to execute (built-in):
	$(CWEAVE) $< - $@

%.ch:

%.web:

%.p: %.web
#  recipe to execute (built-in):
	$(TANGLE) $<

%.tex: %.web
#  recipe to execute (built-in):
	$(WEAVE) $<

%.sh:

%: %.sh
#  recipe to execute (built-in):
	cat $< >$@ 
	 chmod a+x $@

%.elc:

%.el:

(%): %
#  recipe to execute (built-in):
	$(AR) $(ARFLAGS) $@ $<

%.out: %
#  recipe to execute (built-in):
	@rm -f $@ 
	 cp $< $@

%.c: %.w %.ch
#  recipe to execute (built-in):
	$(CTANGLE) $^ $@

%.tex: %.w %.ch
#  recipe to execute (built-in):
	$(CWEAVE) $^ $@

%:: %,v
#  recipe to execute (built-in):
	$(CHECKOUT,v)

%:: RCS/%,v
#  recipe to execute (built-in):
	$(CHECKOUT,v)

%:: RCS/%
#  recipe to execute (built-in):
	$(CHECKOUT,v)

%:: s.%
#  recipe to execute (built-in):
	$(GET) $(GFLAGS) $(SCCS_OUTPUT_OPTION) $<

%:: SCCS/s.%
#  recipe to execute (built-in):
	$(GET) $(GFLAGS) $(SCCS_OUTPUT_OPTION) $<

# 92 implicit rules, 5 (5.4%) terminal.

# Files

# Not a target:
.web.p:
#  Builtin rule
#  Implicit rule search has not been done.
#  Modification time never checked.
#  File has not been updated.
#  recipe to execute (built-in):
	$(TANGLE) $<

# Not a target:
.l.r:
#  Builtin rule
#  Implicit rule search has not been done.
#  Modification time never checked.
#  File has not been updated.
#  recipe to execute (built-in):
	$(LEX.l) $< > $@ 
	 mv -f lex.yy.r $@

# Not a target:
.dvi:
#  Builtin rule
#  Implicit rule search has not been done.
#  Modification time never checked.
#  File has not been updated.

# Not a target:
.ym:
#  Builtin rule
#  Implicit rule search has not been done.
#  Modification time never checked.
#  File has not been updated.

# Not a target:
.f.o:
#  Builtin rule
#  Implicit rule search has not been done.
#  Modification time never checked.
#  File has not been updated.
#  recipe to execute (built-in):
	$(COMPILE.f) $(OUTPUT_OPTION) $<

# Not a target:
.l:
#  Builtin rule
#  Implicit rule search hH)
# default
SUFFIXES := .out .a .ln .o .c .cc .C .cpp .p .f .F .m .r .y .l .ym .yl .s .S .mod .sym .def .h .info .dvi .tex .texinfo .texi .txinfo .w .ch .web .sh .elc .el
# default
COMPILE.c = $(CC) $(CFLAGS) $(CPPFLAGS) $(TARGET_ARCH) -c
# default
COMPILE.s = $(AS) $(ASFLAGS) $(TARGET_MACH)
# default
.INCLUDE_DIRS = /usr/include /usr/local/include /usr/include
# default
.RECIPEPREFIX := 
# default
MAKEINFO = makeinfo
# default
MAKE_TERMERR := /dev/pts/4
# default
OBJC = cc
# default
LINK.f = $(FC) $(FFLAGS) $(LDFLAGS) $(TARGET_ARCH)
# default
TEX = tex
# environment
LANG = en_US.UTF-8
# environment
TERM = xterm-256color
# default
F77FLAGS = $(FFLAGS)
# default
LINK.o = $(CC) $(LDFLAGS) $(TARGET_ARCH)
# variable set hash-table stats:
# Load=140/1024=14%, Rehash=0, Collisions=17/164=10%

# Pattern-specific Variable Values

# No pattern-specific variable values.

# Directories

# SCCS: could not be stat'd.
# . (device 58, inode 80232456227): 5 files, 57 impossibilities.
# RCS: could not be stat'd.

# 5 files, 57 impossibilities in 3 directories.

# Implicit Rules

%.out:

%.a:

%.ln:

%.o:

%: %.o
#  recipe to execute (built-in):
	$(LINK.o) $^ $(LOADLIBES) $(LDLIBS) -o $@

%.c:

%: %.c
#  recipe to execute (built-in):
	$(LINK.c) $^ $(LOADLIBES) $(LDLIBS) -o $@

%.ln: %.c
#  recipe to execute (built-in):
	$(LINT.c) -C$* $<

%.o: %.c
#  recipe to execute (built-in):
	$(COMPILE.c) $(OUTPUT_OPTION) $<

%.cc:

%: %.cc
#  recipe to execute (built-in):
	$(LINK.cc) $^ $(LOADLIBES) $(LDLIBS) -o $@

%.o: %.cc
#  recipe to execute (built-in):
	$(COMPILE.cc) $(OUTPUT_OPTION) $<

%.C:

%: %.C
#  recipe to execute (built-in):
	$(LINK.C) $^ $(LOADLIBES) $(LDLIBS) -o $@

%.o: %.C
#  recipe to execute (built-in):
	$(COMPILE.C) $(OUTPUT_OPTION) $<

%.cpp:

%: %.cpp
#  recipe to execute (built-in):
	$(LINK.cpp) $^ $(LOADLIBES) $(LDLIBS) -o $@

%.o: %.cpp
#  recipe to execute (built-in):
	$(COMPILE.cpp) $(OUTPUT_OPTION) $<

%.p:

%: %.p
#  recipe to execute (built-in):
	$(LINK.p) $^ $(LOADLIBES) $(LDLIBS) -o $@

%.o: %.p
#  recipe to execute (built-in):
	$(COMPILE.p) $(OUTPUT_OPTION) $<

%.f:

%: %.f
#  recipe to execute (built-in):
	$(LINK.f) $^ $(LOADLIBES) $(LDLIBS) -o $@

%.o: %.f
#  recipe to execute (built-in):
	$(COMPILE.f) $(OUTPUT_OPTION) $<

%.F:

%: %.F
#  recipe to execute (built-in):
	$(LINK.F) $^ $(LOADLIBES) $(LDLIBS) -o $@

%.o: %.F
#  recipe to execute (built-in):
	$(COMPILE.F) $(OUTPUT_OPTION) $<

%.f: %.F
#  recipe to execute (built-in):
	$(PREPROCESS.F) $(OUTPUT_OPTION) $<

%.m:

%: %.m
#  recipe to execute (built-in):
	$(LINK.m) $^ $(LOADLIBES) $(LDLIBS) -o $@

%.o: %.m
#  recipe to execute (built-in):
	$(COMPILE.m) $(OUTPUT_OPTION) $<

%.r:

%: %.r
#  recipe to execute (built-in):
	$(LINK.r) $^ $(LOADLIBES) $(LDLIBS) -o $@

%.o: %.r
#  recipe to execute (built-in):
	$(COMPILE.r) $(OUTPUT_OPTION) $<

%.f: %.r
#  recipe to execute (built-in):
	$(PREPROCESS.r) $(OUTPUT_OPTION) $<

%.y:

%.ln: %.y
#  recipe to execute (built-in):
	$(YACC.y) $< 
	 $(LINT.c) -C$* y.tab.c 
	 $(RM) y.tab.c

%.c: %.y
#  recipe to execute (built-in):
	$(YACC.y) $< 
	 mv -f y.tab.c $@

%.l:

%.ln: %.l
#  recipe to execute (built-in):
	@$(RM) $*.c
	 $(LEX.l) $< > $*.c
	$(LINT.c) -i $*.c -o $@
	 $(RM) $*.c

%.c: %.l
#  recipe to execute (built-in):
	@$(RM) $@ 
	 $(LEX.l) $< > $@

%.r: %.l
#  recipe to execute (built-in):
	$(LEX.l) $< > $@ 
	 mv -f lex.yy.r $@

%.ym:

%.m: %.ym
#  recipe to execute (built-in):
	$(YACC.m) $< 
	 mv -f y.tab.c $@

%.yl:

%.s:

%: %.s
#  recipe to execute (built-in):
	$(LINK.s) $^ $(LOADLIBES) $(LDLIBS) -o $@

%.o: %.s
#  recipe to execute (built-in):
	$(COMPILE.s) -o $@ $<

%.S:

%: %.S
#  recipe to execute (built-in):
	$(LINK.S) $^ $(LOADLIBES) $(LDLIBS) -o $@

%.o: %.S
#  recipe to execute (built-in):
	$(COMPILE.S) -o $@ $<

%.s: %.S
#  recipe to execute (built-in):
	$(PREPROCESS.S) $< > $@

%.mod:

%: %.mod
#  recipe to execute (built-in):
	$(COMPILE.mod) -o $@ -e $@ $^

%.o: %.mod
#  recipe to execute (built-in):
	$(COMPILE.mod) -o $@ $<

%.sym:

%.def:

%.sym: %.def
#  recipe to execute (built-in):
	$(COMPILE.def) -o $@ $<

%.h:

%.info:

%.dvi:

%.tex:

%.dvi: %.tex
#  recipe to execute (built-in):
	$(TEX) $<

%.texinfo:

%.info: %.texinfo
#  recipe to execute (built-in):
	$(MAKEINFO) $(MAKEINFO_FLAGS) $< -o $@

%.dvi: %.texinfo
#  recipe to execute (built-in):
	$(TEXI2DVI) $(TEXI2DVI_FLAGS) $<

%.texi:

%.info: %.texi
#  recipe to execute (built-in):
	$(MAKEINFO) $(MAKEINFO_FLAGS) $< -o $@

%.dvi: %.texi
#  recipe to execute (built-in):
	$(TEXI2DVI) $(TEXI2DVI_FLAGS) $<

%.txinfo:

%.info: %.txinfo
#  recipe to execute (built-in):
	$(MAKEINFO) $(MAKEINFO_FLAGS) $< -o $@

%.dvi: %.txinfo
#  recipe to execute (built-in):
	$(TEXI2DVI) $(TEXI2DVI_FLAGS) $<

%.w:

%.c: %.w
#  recipe to execute (built-in):
	$(CTANGLE) $< - $@

%.tex: %.w
#  recipe to execute (built-in):
	$(CWEAVE) $< - $@

%.ch:

%.web:

%.p: %.web
#  recipe to execute (built-in):
	$(TANGLE) $<

%.tex: %.web
#  recipe to execute (built-in):
	$(WEAVE) $<

%.sh:

%: %.sh
#  recipe to execute (built-in):
	cat $< >$@ 
	 chmod a+x $@

%.elc:

%.el:

(%): %
#  recipe to execute (built-in):
	$(AR) $(ARFLAGS) $@ $<

%.out: %
#  recipe to execute (built-in):
	@rm -f $@ 
	 cp $< $@

%.c: %.w %.ch
#  recipe to execute (built-in):
	$(CTANGLE) $^ $@

%.tex: %.w %.ch
#  recipe to execute (built-in):
	$(CWEAVE) $^ $@

%:: %,v
#  recipe to execute (built-in):
	$(CHECKOUT,v)

%:: RCS/%,v
#  recipe to execute (built-in):
	$(CHECKOUT,v)

%:: RCS/%
#  recipe to execute (built-in):
	$(CHECKOUT,v)

%:: s.%
#  recipe to execute (built-in):
	$(GET) $(GFLAGS) $(SCCS_OUTPUT_OPTION) $<

%:: SCCS/s.%
#  recipe to execute (built-in):
	$(GET) $(GFLAGS) $(SCCS_OUTPUT_OPTION) $<

# 92 implicit rules, 5 (5.4%) terminal.

# Files

# Not a target:
.web.p:
#  Builtin rule
#  Implicit rule search has not been done.
#  Modification time never checked.
#  File has not been updated.
#  recipe to execute (built-in):
	$(TANGLE) $<

# Not a target:
.l.r:
#  Builtin rule
#  Implicit rule search has not been done.
#  Modification time never checked.
#  File has not been updated.
#  recipe to execute (built-in):
	$(LEX.l) $< > $@ 
	 mv -f lex.yy.r $@

# Not a target:
.dvi:
#  Builtin rule
#  Implicit rule search has not been done.
#  Modification time never checked.
#  File has not been updated.

# Not a target:
.ym:
#  Builtin rule
#  Implicit rule search has not been done.
#  Modification time never checked.
#  File has not been updated.

# Not a target:
.f.o:
#  Builtin rule
#  Implicit rule search has not been done.
#  Modification time never checked.
#  File has not been updated.
#  recipe to execute (built-in):
	$(COMPILE.f) $(OUTPUT_OPTION) $<

# Not a target:
.l:
#  Builtin rule
#  Implicit rule search has not been done.
#  Modification time never checked.
#  File has not been updated.

# Not a target:
.m:
#  Builtin rule
#  Implicit rule search has not been done.
#  Modification time never checked.
#  File has not been updated.
#  recipe to execute (built-in):
	$(LINK.m) $^ $(LOADLIBES) $(LDLIBS) -o $@

# Not a target:
.ln:
#  Builtin rule
#  Implicit rule search has not been done.
#  Modification time never checked.
#  File has not been updated.

# Not a target:
.o:
#  Builtin rule
#  Implicit rule search has not been done.
#  Modification time never checked.
#  File has not been updated.
#  recipe to execute (built-in):
	$(LINK.o) $^ $(LOADLIBES) $(LDLIBS) -o $@

# Not a target:
.y:
#  Builtin rule
#  Implicit rule search has not been done.
#  Modification time never checked.
#  File has not been updated.

# Not a target:
.def.sym:
#  Builtin rule
#  Implicit rule search has not been done.
#  Modification time never checked.
#  File has not been updated.
#  recipe as not been done.
#  Modification time never checked.
#  File has not been updated.

# Not a target:
.m:
#  Builtin rule
#  Implicit rule search has not been done.
#  Modification time never checked.
#  File has not been updated.
#  recipe to execute (built-in):
	$(LINK.m) $^ $(LOADLIBES) $(LDLIBS) -o $@

# Not a target:
.ln:
#  Builtin rule
#  Implicit rule search has not been done.
#  Modification time never checked.
#  File has not been updated.

# Not a target:
.o:
#  Builtin rule
#  Implicit rule search has not been done.
#  Modification time never checked.
#  File has not been updated.
#  recipe to execute (built-in):
	$(LINK.o) $^ $(LOADLIBES) $(LDLIBS) -o $@

# Not a target:
.y:
#  Builtin rule
#  Implicit rule search has not been done.
#  Modification time never checked.
#  File has not been updated.

# Not a target:
.def.sym:
#  Builtin rule
#  Implicit rule search has not been done.
#  Modification time never checked.
#  File has not been updated.
#  recipe to execute (built-in):
	$(COMPILE.def) -o $@ $<

# Not a target:
.p.o:
#  Builtin rule
#  Implicit rule search has not been done.
#  Modification time never checked.
#  File has not been updated.
#  recipe to execute (built-in):
	$(COMPILE.p) $(OUTPUT_OPTION) $<

# Not a target:
.p:
#  Builtin rule
#  Implicit rule search has not been done.
#  Modification time never checked.
#  File has not been updated.
#  recipe to execute (built-in):
	$(LINK.p) $^ $(LOADLIBES) $(LDLIBS) -o $@

# Not a target:
.txinfo.dvi:
#  Builtin rule
#  Implicit rule search has not been done.
#  Modification time never checked.
#  File has not been updated.
#  recipe to execute (built-in):
	$(TEXI2DVI) $(TEXI2DVI_FLAGS) $<

# Not a target:
.a:
#  Builtin rule
#  Implicit rule search has not been done.
#  Modification time never checked.
#  File has not been updated.

# Not a target:
.yl:
#  Builtin rule
#  Implicit rule search has not been done.
#  Modification time never checked.
#  File has not been updated.

# Not a target:
.l.ln:
#  Builtin rule
#  Implicit rule search has not been done.
#  Modification time never checked.
#  File has not been updated.
#  recipe to execute (built-in):
	@$(RM) $*.c
	 $(LEX.l) $< > $*.c
	$(LINT.c) -i $*.c -o $@
	 $(RM) $*.c

# Not a target:
.F.o:
#  Builtin rule
#  Implicit rule search has not been done.
#  Modification time never checked.
#  File has not been updated.
#  recipe to execute (built-in):
	$(COMPILE.F) $(OUTPUT_OPTION) $<

# Not a target:
.texi.info:
#  Builtin rule
#  Implicit rule search has not been done.
#  Modification time never checked.
#  File has not been updated.
#  recipe to execute (built-in):
	$(MAKEINFO) $(MAKEINFO_FLAGS) $< -o $@

# Not a target:
.w.c:
#  Builtin rule
#  Implicit rule search has not been done.
#  Modification time never checked.
#  File has not been updated.
#  recipe to execute (built-in):
	$(CTANGLE) $< - $@

# Not a target:
.texi.dvi:
#  Builtin rule
#  Implicit rule search has not been done.
#  Modification time never checked.
#  File has not been updated.
#  recipe to execute (built-in):
	$(TEXI2DVI) $(TEXI2DVI_FLAGS) $<

# Not a target:
.ch:
#  Builtin rule
#  Implicit rule search has not been done.
#  Modification time never checked.
#  File has not been updated.

# Not a target:
.m.o:
#  Builtin rule
#  Implicit rule search has not been done.
#  Modification time never checked.
#  File has not been updated.
#  recipe to execute (built-in):
	$(COMPILE.m) $(OUTPUT_OPTION) $<

# Not a target:
.cc:
#  Builtin rule
#  Implicit rule search has not been done.
#  Modification time never checked.
#  File has not been updated.
#  recipe to execute (built-in):
	$(LINK.cc) $^ $(LOADLIBES) $(LDLIBS) -o $@

# Not a target:
.cc.o:
#  Builtin rule
#  Implicit rule search has not been done.
#  Modification time never checked.
#  File has not been updated.
#  recipe to execute (built-in):
	$(COMPILE.cc) $(OUTPUT_OPTION) $<

# Not a target:
.def:
#  Builtin rule
#  Implicit rule search has not been done.
#  Modification time never checked.
#  File has not been updated.

# Not a target:
.SUFFIXES: .out .a .ln .o .c .cc .C .cpp .p .f .F .m .r .y .l .ym .yl .s .S .mod .sym .def .h .info .dvi .tex .texinfo .texi .txinfo .w .ch .web .sh .elc .el
#  Builtin rule
#  Implicit rule search has not been done.
#  Modification time never checked.
#  File has not been updated.

# Not a target:
.c.o:
#  Builtin rule
#  Implicit rule search has not been done.
#  Modification time never checked.
#  File has not been updated.
#  recipe to execute (built-in):
	$(COMPILE.c) $(OUTPUT_OPTION) $<

# Not a target:
Makefile:
#  Implicit rule search has been done.
#  File does not exist.
#  File has been updated.
#  Failed to be updated.

# Not a target:
.r.o:
#  Builtin rule
#  Implicit rule search has not been done.
#  Modification time never checked.
#  File has not been updated.
#  recipe to execute (built-in):
	$(COMPILE.r) $(OUTPUT_OPTION) $<

# Not a target:
.r:
#  Builtin rule
#  Implicit rule search has not been done.
#  Modification time never checked.
#  File has not been updated.
#  recipe to execute (built-in):
	$(LINK.r) $^ $(LOADLIBES) $(LDLIBS) -o $@

# Not a target:
.ym.m:
#  Builtin rule
#  Implicit rule search has not been done.
#  Modification time never checked.
#  File has not been updated.
#  recipe to execute (built-in):
	$(YACC.m) $< 
	 mv -f y.tab.c $@

# Not a target:
.y.ln:
#  Builtin rule
#  Implicit rule search has not been done.
#  Modification time never checked.
#  File has not been updated.
#  recipe to execute (built-in):
	$(YACC.y) $< 
	 $(LINT.c) -C$* y.tab.c 
	 $(RM) y.tab.c

# Not a target:
makefile:
#  Implicit rule search has been done.
#  File does not exist.
#  File has been updated.
#  Failed to be updated.

# Not a target:
.elc:
#  Builtin rule
#  Implicit rule search has not been done.
#  Modification time never checked.
#  File has not been updated.

# Not a target:
.l.c:
#  Builtin rule
#  Implicit rule search has not been done.
#  Modification time never checked.
#  File has not been updated.
#  recipe to execute (built-in):
	@$(RM) $@ 
	 $(LEX.l) $< > $@

# Not a target:
.out:
#  Builtin rule
#  Implicit rule search has not been done.
#  Modification time never checked.
#  File has not been updated.

# Not a target:
.C:
#  Builtin rule
#  Implicit rule search has not been done.
#  Modification time never checked.
#  File has not been updated.
#  recipe to execute (built-in):
	$(LINK.C) $^ $(LOADLIBES) $(LDLIBS) -o $@

# Not a target:
.r.f:
#  Builtin rule
#  Implicit rule search has not been done.
#  Modification time never checked.
#  File has not been updated.
#  recipe to execute (built-in):
	$(PREPROCESS.r) $(OUTPUT_OPTION) $<

# Not a target:
.S:
#  Builtin rule
#  Implicit rule search has not been done.
#  Modification time never checked.
#  File has not been updated.
#  recipe to execute (built-in):
	$(LINK.S) $^ $(LOADLIBES) $(LDLIBS) -o $@

# Not a target:
.texinfo.info:
#  Builtin rule
#  Implicit rule search has not been done.
#  Modification time never checked.
#  File has not been updated.
#  recipe to execute (built-in):
	$(MAKEINFO) $(MAKEINFO_FLAGS) $< -o $@

# Not a target:
.c:
#  Builtin rule
#  Implicit rule search has not been done.
#  Modification time never checked.
#  File has not been updated.
#  recipe to execute (built-in):
	$(LINK.c) $^ $(LOADLIBES) $(LDLIBS) -o $@

# Not a target:
.w.tex:
#  Builtin rule
#  Implicit rule search has not been done.
#  Modification time never checked.
#  File has not been updated.
#  recipe to execute (built-in):
	$(CWEAVE) $< - $@

# Not a target:
.c.ln:
#  Builtin rule
#  Implicit rule search has not been done.
#  Modification time never checked.
#  File has not been updated.
#  recipe to execute (built-in):
	$(LINT.c) -C$* $<

# Not a target:
.s.o:
#  Builtin rule
#  Implicit rule search has not been done.
#  Modificto execute (built-in):
	$(COMPILE.def) -o $@ $<

# Not a target:
.p.o:
#  Builtin rule
#  Implicit rule search has not been done.
#  Modification time never checked.
#  File has not been updated.
#  recipe to execute (built-in):
	$(COMPILE.p) $(OUTPUT_OPTION) $<

# Not a target:
.p:
#  Builtin rule
#  Implicit rule search has not been done.
#  Modification time never checked.
#  File has not been updated.
#  recipe to execute (built-in):
	$(LINK.p) $^ $(LOADLIBES) $(LDLIBS) -o $@

# Not a target:
.txinfo.dvi:
#  Builtin rule
#  Implicit rule search has not been done.
#  Modification time never checked.
#  File has not been updated.
#  recipe to execute (built-in):
	$(TEXI2DVI) $(TEXI2DVI_FLAGS) $<

# Not a target:
.a:
#  Builtin rule
#  Implicit rule search has not been done.
#  Modification time never checked.
#  File has not been updated.

# Not a target:
.yl:
#  Builtin rule
#  Implicit rule search has not been done.
#  Modification time never checked.
#  File has not been updated.

# Not a target:
.l.ln:
#  Builtin rule
#  Implicit rule search has not been done.
#  Modification time never checked.
#  File has not been updated.
#  recipe to execute (built-in):
	@$(RM) $*.c
	 $(LEX.l) $< > $*.c
	$(LINT.c) -i $*.c -o $@
	 $(RM) $*.c

# Not a target:
.F.o:
#  Builtin rule
#  Implicit rule search has not been done.
#  Modification time never checked.
#  File has not been updated.
#  recipe to execute (built-in):
	$(COMPILE.F) $(OUTPUT_OPTION) $<

# Not a target:
.texi.info:
#  Builtin rule
#  Implicit rule search has not been done.
#  Modification time never checked.
#  File has not been updated.
#  recipe to execute (built-in):
	$(MAKEINFO) $(MAKEINFO_FLAGS) $< -o $@

# Not a target:
.w.c:
#  Builtin rule
#  Implicit rule search has not been done.
#  Modification time never checked.
#  File has not been updated.
#  recipe to execute (built-in):
	$(CTANGLE) $< - $@

# Not a target:
.texi.dvi:
#  Builtin rule
#  Implicit rule search has not been done.
#  Modification time never checked.
#  File has not been updated.
#  recipe to execute (built-in):
	$(TEXI2DVI) $(TEXI2DVI_FLAGS) $<

# Not a target:
.ch:
#  Builtin rule
#  Implicit rule search has not been done.
#  Modification time never checked.
#  File has not been updated.

# Not a target:
.m.o:
#  Builtin rule
#  Implicit rule search has not been done.
#  Modification time never checked.
#  File has not been updated.
#  recipe to execute (built-in):
	$(COMPILE.m) $(OUTPUT_OPTION) $<

# Not a target:
.cc:
#  Builtin rule
#  Implicit rule search has not been done.
#  Modification time never checked.
#  File has not been updated.
#  recipe to execute (built-in):
	$(LINK.cc) $^ $(LOADLIBES) $(LDLIBS) -o $@

# Not a target:
.cc.o:
#  Builtin rule
#  Implicit rule search has not been done.
#  Modification time never checked.
#  File has not been updated.
#  recipe to execute (built-in):
	$(COMPILE.cc) $(OUTPUT_OPTION) $<

# Not a target:
.def:
#  Builtin rule
#  Implicit rule search has not been done.
#  Modification time never checked.
#  File has not been updated.

# Not a target:
.SUFFIXES: .out .a .ln .o .c .cc .C .cpp .p .f .F .m .r .y .l .ym .yl .s .S .mod .sym .def .h .info .dvi .tex .texinfo .texi .txinfo .w .ch .web .sh .elc .el
#  Builtin rule
#  Implicit rule search has not been done.
#  Modification time never checked.
#  File has not been updated.

# Not a target:
.c.o:
#  Builtin rule
#  Implicit rule search has not been done.
#  Modification time never checked.
#  File has not been updated.
#  recipe to execute (built-in):
	$(COMPILE.c) $(OUTPUT_OPTION) $<

# Not a target:
Makefile:
#  Implicit rule search has been done.
#  File does not exist.
#  File has been updated.
#  Failed to be updated.

# Not a target:
.r.o:
#  Builtin rule
#  Implicit rule search has not been done.
#  Modification time never checked.
#  File has not been updated.
#  recipe to execute (built-in):
	$(COMPILE.r) $(OUTPUT_OPTION) $<

# Not a target:
.r:
#  Builtin rule
#  Implicit rule search has not been done.
#  Modification time never checked.
#  File has not been updated.
#  recipe to execute (built-in):
	$(LINK.r) $^ $(LOADLIBES) $(LDLIBS) -o $@

# Not a target:
.ym.m:
#  Builtin rule
#  Implicit rule search has not been done.
#  Modification time never checked.
#  File has not been updated.
#  recipe to execute (built-in):
	$(YACC.m) $< 
	 mv -f y.tab.c $@

# Not a target:
.y.ln:
#  Builtin rule
#  Implicit rule search has not been done.
#  Modification time never checked.
#  File has not been updated.
#  recipe to execute (built-in):
	$(YACC.y) $< 
	 $(LINT.c) -C$* y.tab.c 
	 $(RM) y.tab.c

# Not a target:
makefile:
#  Implicit rule search has been done.
#  File does not exist.
#  File has been updated.
#  Failed to be updated.

# Not a target:
.elc:
#  Builtin rule
#  Implicit rule search has not been done.
#  Modification time never checked.
#  File has not been updated.

# Not a target:
.l.c:
#  Builtin rule
#  Implicit rule search has not been done.
#  Modification time never checked.
#  File has not been updated.
#  recipe to execute (built-in):
	@$(RM) $@ 
	 $(LEX.l) $< > $@

# Not a target:
.out:
#  Builtin rule
#  Implicit rule search has not been done.
#  Modification time never checked.
#  File has not been updated.

# Not a target:
.C:
#  Builtin rule
#  Implicit rule search has not been done.
#  Modification time never checked.
#  File has not been updated.
#  recipe to execute (built-in):
	$(LINK.C) $^ $(LOADLIBES) $(LDLIBS) -o $@

# Not a target:
.r.f:
#  Builtin rule
#  Implicit rule search has not been done.
#  Modification time never checked.
#  File has not been updated.
#  recipe to execute (built-in):
	$(PREPROCESS.r) $(OUTPUT_OPTION) $<

# Not a target:
.S:
#  Builtin rule
#  Implicit rule search has not been done.
#  Modification time never checked.
#  File has not been updated.
#  recipe to execute (built-in):
	$(LINK.S) $^ $(LOADLIBES) $(LDLIBS) -o $@

# Not a target:
.texinfo.info:
#  Builtin rule
#  Implicit rule search has not been done.
#  Modification time never checked.
#  File has not been updated.
#  recipe to execute (built-in):
	$(MAKEINFO) $(MAKEINFO_FLAGS) $< -o $@

# Not a target:
.c:
#  Builtin rule
#  Implicit rule search has not been done.
#  Modification time never checked.
#  File has not been updated.
#  recipe to execute (built-in):
	$(LINK.c) $^ $(LOADLIBES) $(LDLIBS) -o $@

# Not a target:
.w.tex:
#  Builtin rule
#  Implicit rule search has not been done.
#  Modification time never checked.
#  File has not been updated.
#  recipe to execute (built-in):
	$(CWEAVE) $< - $@

# Not a target:
.c.ln:
#  Builtin rule
#  Implicit rule search has not been done.
#  Modification time never checked.
#  File has not been updated.
#  recipe to execute (built-in):
	$(LINT.c) -C$* $<

# Not a target:
.s.o:
#  Builtin rule
#  Implicit rule search has not been done.
#  Modification time never checked.
#  File has not been updated.
#  recipe to execute (built-in):
	$(COMPILE.s) -o $@ $<

# Not a target:
.s:
#  Builtin rule
#  Implicit rule search has not been done.
#  Modification time never checked.
#  File has not been updated.
#  recipe to execute (built-in):
	$(LINK.s) $^ $(LOADLIBES) $(LDLIBS) -o $@

# Not a target:
.texinfo.dvi:
#  Builtin rule
#  Implicit rule search has not been done.
#  Modification time never checked.
#  File has not been updated.
#  recipe to execute (built-in):
	$(TEXI2DVI) $(TEXI2DVI_FLAGS) $<

# Not a target:
.el:
#  Builtin rule
#  Implicit rule search has not been done.
#  Modification time never checked.
#  File has not been updated.

# Not a target:
.lm.m:
#  Builtin rule
#  Implicit rule search has not been done.
#  Modification time never checked.
#  File has not been updated.
#  recipe to execute (built-in):
	@$(RM) $@ 
	 $(LEX.m) $< > $@

# Not a target:
.y.c:
#  Builtin rule
#  Implicit rule search haation time never checked.
#  File has not been updated.
#  recipe to execute (built-in):
	$(COMPILE.s) -o $@ $<

# Not a target:
.s:
#  Builtin rule
#  Implicit rule search has not been done.
#  Modification time never checked.
#  File has not been updated.
#  recipe to execute (built-in):
	$(LINK.s) $^ $(LOADLIBES) $(LDLIBS) -o $@

# Not a target:
.texinfo.dvi:
#  Builtin rule
#  Implicit rule search has not been done.
#  Modification time never checked.
#  File has not been updated.
#  recipe to execute (built-in):
	$(TEXI2DVI) $(TEXI2DVI_FLAGS) $<

# Not a target:
.el:
#  Builtin rule
#  Implicit rule search has not been done.
#  Modification time never checked.
#  File has not been updated.

# Not a target:
.lm.m:
#  Builtin rule
#  Implicit rule search has not been done.
#  Modification time never checked.
#  File has not been updated.
#  recipe to execute (built-in):
	@$(RM) $@ 
	 $(LEX.m) $< > $@

# Not a target:
.y.c:
#  Builtin rule
#  Implicit rule search has not been done.
#  Modification time never checked.
#  File has not been updated.
#  recipe to execute (built-in):
	$(YACC.y) $< 
	 mv -f y.tab.c $@

# Not a target:
.web.tex:
#  Builtin rule
#  Implicit rule search has not been done.
#  Modification time never checked.
#  File has not been updated.
#  recipe to execute (built-in):
	$(WEAVE) $<

# Not a target:
.texinfo:
#  Builtin rule
#  Implicit rule search has not been done.
#  Modification time never checked.
#  File has not been updated.

# Not a target:
.DEFAULT:
#  Implicit rule search has not been done.
#  Modification time never checked.
#  File has not been updated.

# Not a target:
.h:
#  Builtin rule
#  Implicit rule search has not been done.
#  Modification time never checked.
#  File has not been updated.

# Not a target:
.tex.dvi:
#  Builtin rule
#  Implicit rule search has not been done.
#  Modification time never checked.
#  File has not been updated.
#  recipe to execute (built-in):
	$(TEX) $<

# Not a target:
.cpp.o:
#  Builtin rule
#  Implicit rule search has not been done.
#  Modification time never checked.
#  File has not been updated.
#  recipe to execute (built-in):
	$(COMPILE.cpp) $(OUTPUT_OPTION) $<

# Not a target:
.cpp:
#  Builtin rule
#  Implicit rule search has not been done.
#  Modification time never checked.
#  File has not been updated.
#  recipe to execute (built-in):
	$(LINK.cpp) $^ $(LOADLIBES) $(LDLIBS) -o $@

# Not a target:
.C.o:
#  Builtin rule
#  Implicit rule search has not been done.
#  Modification time never checked.
#  File has not been updated.
#  recipe to execute (built-in):
	$(COMPILE.C) $(OUTPUT_OPTION) $<

# Not a target:
.texi:
#  Builtin rule
#  Implicit rule search has not been done.
#  Modification time never checked.
#  File has not been updated.

# Not a target:
.txinfo:
#  Builtin rule
#  Implicit rule search has not been done.
#  Modification time never checked.
#  File has not been updated.

# Not a target:
.tex:
#  Builtin rule
#  Implicit rule search has not been done.
#  Modification time never checked.
#  File has not been updated.

# Not a target:
.txinfo.info:
#  Builtin rule
#  Implicit rule search has not been done.
#  Modification time never checked.
#  File has not been updated.
#  recipe to execute (built-in):
	$(MAKEINFO) $(MAKEINFO_FLAGS) $< -o $@

# Not a target:
GNUmakefile:
#  Implicit rule search has been done.
#  File does not exist.
#  File has been updated.
#  Failed to be updated.

# Not a target:
.sh:
#  Builtin rule
#  Implicit rule search has not been done.
#  Modification time never checked.
#  File has not been updated.
#  recipe to execute (built-in):
	cat $< >$@ 
	 chmod a+x $@

# Not a target:
.S.s:
#  Builtin rule
#  Implicit rule search has not been done.
#  Modification time never checked.
#  File has not been updated.
#  recipe to execute (built-in):
	$(PREPROCESS.S) $< > $@

# Not a target:
.mod:
#  Builtin rule
#  Implicit rule search has not been done.
#  Modification time never checked.
#  File has not been updated.
#  recipe to execute (built-in):
	$(COMPILE.mod) -o $@ -e $@ $^

# Not a target:
.mod.o:
#  Builtin rule
#  Implicit rule search has not been done.
#  Modification time never checked.
#  File has not been updated.
#  recipe to execute (built-in):
	$(COMPILE.mod) -o $@ $<

# Not a target:
.F.f:
#  Builtin rule
#  Implicit rule search has not been done.
#  Modification time never checked.
#  File has not been updated.
#  recipe to execute (built-in):
	$(PREPROCESS.F) $(OUTPUT_OPTION) $<

# Not a target:
.w:
#  Builtin rule
#  Implicit rule search has not been done.
#  Modification time never checked.
#  File has not been updated.

# Not a target:
.S.o:
#  Builtin rule
#  Implicit rule search has not been done.
#  Modification time never checked.
#  File has not been updated.
#  recipe to execute (built-in):
	$(COMPILE.S) -o $@ $<

# Not a target:
.F:
#  Builtin rule
#  Implicit rule search has not been done.
#  Modification time never checked.
#  File has not been updated.
#  recipe to execute (built-in):
	$(LINK.F) $^ $(LOADLIBES) $(LDLIBS) -o $@

# Not a target:
.web:
#  Builtin rule
#  Implicit rule search has not been done.
#  Modification time never checked.
#  File has not been updated.

# Not a target:
.sym:
#  Builtin rule
#  Implicit rule search has not been done.
#  Modification time never checked.
#  File has not been updated.

# Not a target:
.f:
#  Builtin rule
#  Implicit rule search has not been done.
#  Modification time never checked.
#  File has not been updated.
#  recipe to execute (built-in):
	$(LINK.f) $^ $(LOADLIBES) $(LDLIBS) -o $@

# Not a target:
.info:
#  Builtin rule
#  Implicit rule search has not been done.
#  Modification time never checked.
#  File has not been updated.

# files hash-table stats:
# Load=75/1024=7%, Rehash=0, Collisions=447/1785=25%
# VPATH Search Paths

# No 'vpath' search paths.

# No general ('VPATH' variable) search path.

# strcache buffers: 1 (0) / strings = 482 / storage = 6403 B / avg = 13 B
# current buf: size = 8162 B / used = 6403 B / count = 482 / avg = 13 B

# strcache performance: lookups = 812 / hit rate = 40%
# hash-table stats:
# Load=482/8192=6%, Rehash=0, Collisions=239/812=29%
# Finished Make data base on Thu Feb  6 17:07:42 2020

hkilic2@g7-27:~/i240b/submit/lab1/0-hello$ |[Kmaek[K[Kke -p \[K| less
make: *** No targets specified and no makefile found.  Stop.
[?1049h[22;0;0t[?1h=# GNU Make 4.2.1
# Built for x86_64-pc-linux-gnu
# Copyright (C) 1988-2016 Free Software Foundation, Inc.
# License GPLv3+: GNU GPL version 3 or later <http://gnu.org/licenses/gpl.html>
# This is free software: you are free to change and redistribute it.
# There is NO WARRANTY, to the extent permitted by law.

# Make data base, printed on Thu Feb  6 17:08:01 2020

# Variables

# automatic
<D = $(patsubst %/,%,$(dir $<))
# automatic
?F = $(notdir $?)
# environment
DESKTOP_SESSION = lightdm-xsession
# default
.SHELLFLAGS := -c
# environment
XDG_SESSION_CLASS = user
# environment
XDG_SESSION_TYPE = x11
:[K[Kset mark: ...skipping...
# GNU Make 4.2.1
# Built for x86_64-pc-linux-gnu
# Copyright (C) 1988-2016 Free Software Foundation, Inc.
# License GPLv3+: GNU GPL version 3 or later <http://gnu.org/licenses/gpl.html>
# This is free software: you are free to change and redistribute it.
# There is NO WARRANTY, to the extent permitted by law.

# Make data base, printed on Thu Feb  6 17:08:01 2020

# Variables

# automatic
<D = $(patsubst %/,%,$(dir $<))
# automatic
?F = $(notdir $?)
# environment
DESKTOP_SESSION = lightdm-xsession
# default
.SHELLFLAGS := -c
# environment
XDG_SESSION_CLASS = user
# environment
XDG_SESSION_TYPE = x11
:[K[K[K:[K[K# default
:[K[KCWEAVE = cweave
# automatic
?D = $(patsubst %/,%,$(dir $?))
# automatic
@D = $(patsubst %/,%,$(dir $@))
# environment
XAUTHORITY = /home/hkilic2/.Xauthority
# environments not been done.
#  Modification time never checked.
#  File has not been updated.
#  recipe to execute (built-in):
	$(YACC.y) $< 
	 mv -f y.tab.c $@

# Not a target:
.web.tex:
#  Builtin rule
#  Implicit rule search has not been done.
#  Modification time never checked.
#  File has not been updated.
#  recipe to execute (built-in):
	$(WEAVE) $<

# Not a target:
.texinfo:
#  Builtin rule
#  Implicit rule search has not been done.
#  Modification time never checked.
#  File has not been updated.

# Not a target:
.DEFAULT:
#  Implicit rule search has not been done.
#  Modification time never checked.
#  File has not been updated.

# Not a target:
.h:
#  Builtin rule
#  Implicit rule search has not been done.
#  Modification time never checked.
#  File has not been updated.

# Not a target:
.tex.dvi:
#  Builtin rule
#  Implicit rule search has not been done.
#  Modification time never checked.
#  File has not been updated.
#  recipe to execute (built-in):
	$(TEX) $<

# Not a target:
.cpp.o:
#  Builtin rule
#  Implicit rule search has not been done.
#  Modification time never checked.
#  File has not been updated.
#  recipe to execute (built-in):
	$(COMPILE.cpp) $(OUTPUT_OPTION) $<

# Not a target:
.cpp:
#  Builtin rule
#  Implicit rule search has not been done.
#  Modification time never checked.
#  File has not been updated.
#  recipe to execute (built-in):
	$(LINK.cpp) $^ $(LOADLIBES) $(LDLIBS) -o $@

# Not a target:
.C.o:
#  Builtin rule
#  Implicit rule search has not been done.
#  Modification time never checked.
#  File has not been updated.
#  recipe to execute (built-in):
	$(COMPILE.C) $(OUTPUT_OPTION) $<

# Not a target:
.texi:
#  Builtin rule
#  Implicit rule search has not been done.
#  Modification time never checked.
#  File has not been updated.

# Not a target:
.txinfo:
#  Builtin rule
#  Implicit rule search has not been done.
#  Modification time never checked.
#  File has not been updated.

# Not a target:
.tex:
#  Builtin rule
#  Implicit rule search has not been done.
#  Modification time never checked.
#  File has not been updated.

# Not a target:
.txinfo.info:
#  Builtin rule
#  Implicit rule search has not been done.
#  Modification time never checked.
#  File has not been updated.
#  recipe to execute (built-in):
	$(MAKEINFO) $(MAKEINFO_FLAGS) $< -o $@

# Not a target:
GNUmakefile:
#  Implicit rule search has been done.
#  File does not exist.
#  File has been updated.
#  Failed to be updated.

# Not a target:
.sh:
#  Builtin rule
#  Implicit rule search has not been done.
#  Modification time never checked.
#  File has not been updated.
#  recipe to execute (built-in):
	cat $< >$@ 
	 chmod a+x $@

# Not a target:
.S.s:
#  Builtin rule
#  Implicit rule search has not been done.
#  Modification time never checked.
#  File has not been updated.
#  recipe to execute (built-in):
	$(PREPROCESS.S) $< > $@

# Not a target:
.mod:
#  Builtin rule
#  Implicit rule search has not been done.
#  Modification time never checked.
#  File has not been updated.
#  recipe to execute (built-in):
	$(COMPILE.mod) -o $@ -e $@ $^

# Not a target:
.mod.o:
#  Builtin rule
#  Implicit rule search has not been done.
#  Modification time never checked.
#  File has not been updated.
#  recipe to execute (built-in):
	$(COMPILE.mod) -o $@ $<

# Not a target:
.F.f:
#  Builtin rule
#  Implicit rule search has not been done.
#  Modification time never checked.
#  File has not been updated.
#  recipe to execute (built-in):
	$(PREPROCESS.F) $(OUTPUT_OPTION) $<

# Not a target:
.w:
#  Builtin rule
#  Implicit rule search has not been done.
#  Modification time never checked.
#  File has not been updated.

# Not a target:
.S.o:
#  Builtin rule
#  Implicit rule search has not been done.
#  Modification time never checked.
#  File has not been updated.
#  recipe to execute (built-in):
	$(COMPILE.S) -o $@ $<

# Not a target:
.F:
#  Builtin rule
#  Implicit rule search has not been done.
#  Modification time never checked.
#  File has not been updated.
#  recipe to execute (built-in):
	$(LINK.F) $^ $(LOADLIBES) $(LDLIBS) -o $@

# Not a target:
.web:
#  Builtin rule
#  Implicit rule search has not been done.
#  Modification time never checked.
#  File has not been updated.

# Not a target:
.sym:
#  Builtin rule
#  Implicit rule search has not been done.
#  Modification time never checked.
#  File has not been updated.

# Not a target:
.f:
#  Builtin rule
#  Implicit rule search has not been done.
#  Modification time never checked.
#  File has not been updated.
#  recipe to execute (built-in):
	$(LINK.f) $^ $(LOADLIBES) $(LDLIBS) -o $@

# Not a target:
.info:
#  Builtin rule
#  Implicit rule search has not been done.
#  Modification time never checked.
#  File has not been updated.

# files hash-table stats:
# Load=75/1024=7%, Rehash=0, Collisions=447/1785=25%
# VPATH Search Paths

# No 'vpath' search paths.

# No general ('VPATH' variable) search path.

# strcache buffers: 1 (0) / strings = 482 / storage = 6403 B / avg = 13 B
# current buf: size = 8162 B / used = 6403 B / count = 482 / avg = 13 B

# strcache performance: lookups = 812 / hit rate = 40%
# hash-table stats:
# Load=482/8192=6%, Rehash=0, Collisions=239/812=29%
# Finished Make data base on Thu Feb  6 17:07:42 2020

hkilic2@g7-27:~/i240b/submit/lab1/0-hello$ |[Kmaek[K[Kke -p \[K| less
make: *** No targets specified and no makefile found.  Stop.
[?1049h[22;0;0t[?1h=# GNU Make 4.2.1
# Built for x86_64-pc-linux-gnu
# Copyright (C) 1988-2016 Free Software Foundation, Inc.
# License GPLv3+: GNU GPL version 3 or later <http://gnu.org/licenses/gpl.html>
# This is free software: you are free to change and redistribute it.
# There is NO WARRANTY, to the extent permitted by law.

# Make data base, printed on Thu Feb  6 17:08:01 2020

# Variables

# automatic
<D = $(patsubst %/,%,$(dir $<))
# automatic
?F = $(notdir $?)
# environment
DESKTOP_SESSION = lightdm-xsession
# default
.SHELLFLAGS := -c
# environment
XDG_SESSION_CLASS = user
# environment
XDG_SESSION_TYPE = x11
:[K[Kset mark: ...skipping...
# GNU Make 4.2.1
# Built for x86_64-pc-linux-gnu
# Copyright (C) 1988-2016 Free Software Foundation, Inc.
# License GPLv3+: GNU GPL version 3 or later <http://gnu.org/licenses/gpl.html>
# This is free software: you are free to change and redistribute it.
# There is NO WARRANTY, to the extent permitted by law.

# Make data base, printed on Thu Feb  6 17:08:01 2020

# Variables

# automatic
<D = $(patsubst %/,%,$(dir $<))
# automatic
?F = $(notdir $?)
# environment
DESKTOP_SESSION = lightdm-xsession
# default
.SHELLFLAGS := -c
# environment
XDG_SESSION_CLASS = user
# environment
XDG_SESSION_TYPE = x11
:[K[K[K:[K[K# default
:[K[KCWEAVE = cweave
# automatic
?D = $(patsubst %/,%,$(dir $?))
# automatic
@D = $(patsubst %/,%,$(dir $@))
# environment
XAUTHORITY = /home/hkilic2/.Xauthority
# environment
GDMSESSION = lightdm-xsession
# default
MAKE_VERSION := 4.2.1
# makefile
CURDIR := /import/linux/home1/hkilic2/projects/i240b/submit/lab1/0-hello
# makefile
SHELL = /bin/sh
# default
RM = rm -f
# default
CO = co
# environment
VTE_VERSION = 5402
# environment
_ = /usr/bin/make
:[K[K-[K[7mCannot change the -p (--pattern) option  (press RETURN)[27m[24;1H[K[K:[K[K|mark: [K![Kee[Kgg[Krr[Kee[Kpp[K  [K''[Kcc[Kcc[K||[KCC[KXX[KXX[K''[K[K!egrep 'cc|CXX'
[?1l>[?1049l[23;0;0t[?1049h[22;0;0t[?1h=[K[7m|done  (press RETURN)[27m[24;1H[K[K[?1l>[?1049l[23;0;0t
[1]+  Stopped                 make -p | less
hkilic2@g7-27:~/i240b/submit/lab1/0-hello$ make -p |
> egrep 'cc|CXX'
make: *** No targets specified and no makefile found.  Stop.
COMPILE.cpp = $(COMPILE.cc)
CC = cc
LINK.cc = $(CXX) $(CXXFLAGS) $(CPPFLAGS) $(LDFLAGS) $(TARGET_ARCH)
KRB5CCNAME = FILE:/tmp/krb5cc_14784_qNAC8X
YACC = yacc
LINK.C = $(LINK.cc)
LINK.cpp = $(LINK.cc)
C
GDMSESSION = lightdm-xsession
# default
MAKE_VERSION := 4.2.1
# makefile
CURDIR := /import/linux/home1/hkilic2/projects/i240b/submit/lab1/0-hello
# makefile
SHELL = /bin/sh
# default
RM = rm -f
# default
CO = co
# environment
VTE_VERSION = 5402
# environment
_ = /usr/bin/make
:[K[K-[K[7mCannot change the -p (--pattern) option  (press RETURN)[27m[24;1H[K[K:[K[K|mark: [K![Kee[Kgg[Krr[Kee[Kpp[K  [K''[Kcc[Kcc[K||[KCC[KXX[KXX[K''[K[K!egrep 'cc|CXX'
[?1l>[?1049l[23;0;0t[?1049h[22;0;0t[?1h=[K[7m|done  (press RETURN)[27m[24;1H[K[K[?1l>[?1049l[23;0;0t
[1]+  Stopped                 make -p | less
hkilic2@g7-27:~/i240b/submit/lab1/0-hello$ make -p |
> egrep 'cc|CXX'
make: *** No targets specified and no makefile found.  Stop.
COMPILE.cpp = $(COMPILE.cc)
CC = cc
LINK.cc = $(CXX) $(CXXFLAGS) $(CPPFLAGS) $(LDFLAGS) $(TARGET_ARCH)
KRB5CCNAME = FILE:/tmp/krb5cc_14784_qNAC8X
YACC = yacc
LINK.C = $(LINK.cc)
LINK.cpp = $(LINK.cc)
COMPILE.cc = $(CXX) $(CXXFLAGS) $(CPPFLAGS) $(TARGET_ARCH) -c
CXX = g++
COMPILE.C = $(COMPILE.cc)
SUFFIXES := .out .a .ln .o .c .cc .C .cpp .p .f .F .m .r .y .l .ym .yl .s .S .mod .sym .def .h .info .dvi .tex .texinfo .texi .txinfo .w .ch .web .sh .elc .el
OBJC = cc
%.cc:
%: %.cc
	$(LINK.cc) $^ $(LOADLIBES) $(LDLIBS) -o $@
%.o: %.cc
	$(COMPILE.cc) $(OUTPUT_OPTION) $<
.cc:
	$(LINK.cc) $^ $(LOADLIBES) $(LDLIBS) -o $@
.cc.o:
	$(COMPILE.cc) $(OUTPUT_OPTION) $<
.SUFFIXES: .out .a .ln .o .c .cc .C .cpp .p .f .F .m .r .y .l .ym .yl .s .S .mod .sym .def .h .info .dvi .tex .texinfo .texi .txinfo .w .ch .web .sh .elc .el
hkilic2@g7-27:~/i240b/submit/lab1/0-hello$ make -p | egrep 'cc|CXX'less[K[K[1P./hello[3Pfilels -la[C[C[Cmake hello[Kls -lcd ~/i240?/submit/lab1/0-hello cd ~/i240b/submit/lab2/1-hello0-hello[11Pcd exercises/1-hellop -r ~/cs240/labs/lab2/exercises/* . [A[C[C[C[C[C[C[C[C[C[C[C[C[C[C[C[C[C[C[C[C[C[C[C[C[C[C[C[C[C[C[C[C[C[C[C[C[C[C[C[C[C[C[C[C[15Pd ~/i240b/submit/lab2
[K[A[C[C[C[C[C[C[C[C[C[C[C[C[C[C[C[C[C[C[C[C[C[C[C[C[C[C[C[C[C[C[C[C[C[C[C[C[C[C[C[C[C[C[C[C[C[C[C[C[C[C[C[C[C[C[C[C[C[C[C[C[C[C[C[C[C./lab2[Kgcc lab2.c -g  -o lab2./lab2[Kgcc lab2.c -g  -o lab2./lab2[Kgcc lab2.c -g  -o lab2./lab2[Kgcc lab2.c -g  -o lab2./lab2[K[K[K[K[K[K[Kcd exercises/1-hello[K[K[K[K[K[K[K[K[K[K[K[K[K[K[K[K[K[K[K[K./hello
hello world
hkilic2@g7-27:~/i240b/submit/lab1/0-hello$ ./hello bart lisa
hello world
hkilic2@g7-27:~/i240b/submit/lab1/0-hello$ cd ~/i240?/submit/lab1/0-hello[1P/submit/lab1/0-hellob/submit/lab1/0-hello[C[C[C[C[C[C[C[C[C[C[C[C[1P/0-hello2/0-hello[C[C[1P-hello1-hello
hkilic2@g7-27:~/i240b/submit/lab2/1-hello$ ls -l
total 12
-rw-r--r-- 1 hkilic2 hkilic2 363 Feb  6 17:03 hello.cc
-rw-r--r-- 1 hkilic2 hkilic2  39 Feb  6 17:03 Makefile
-rw-r--r-- 1 hkilic2 hkilic2  61 Feb  6 17:03 README
hkilic2@g7-27:~/i240b/submit/lab2/1-hello$ ./hello
bash: ./hello: No such file or directory
hkilic2@g7-27:~/i240b/submit/lab2/1-hello$  ./hello bart lisa
bash: ./hello: No such file or directory
hkilic2@g7-27:~/i240b/submit/lab2/1-hello$  ./hello bart lisa[11P./hello[2Pls -lcd ~/i240b/submit/lab2/1-hello[K[K[K[K[K[K[K./1-hello
hkilic2@g7-27:~/i240b/submit/lab2/1-hello$ cd exercises/1-hello
bash: cd: exercises/1-hello: No such file or directory
hkilic2@g7-27:~/i240b/submit/lab2/1-hello$ ls -l
total 12
-rw-r--r-- 1 hkilic2 hkilic2 363 Feb  6 17:03 hello.cc
-rw-r--r-- 1 hkilic2 hkilic2  39 Feb  6 17:03 Makefile
-rw-r--r-- 1 hkilic2 hkilic2  61 Feb  6 17:03 README
hkilic2@g7-27:~/i240b/submit/lab2/1-hello$ make
g++ -g -Wall -std=c++17    hello.cc   -o hello
hkilic2@g7-27:~/i240b/submit/lab2/1-hello$ ./hello
usage: ./hello NAME...
hkilic2@g7-27:~/i240b/submit/lab2/1-hello$ ./hello bart lisa
hello bart
hello lisa
hello hkilic2@g7-27:~/i240b/submit/lab2/1-hello$ gdb hello
GNU gdb (Debian 8.2.1-2+b3) 8.2.1
Copyright (C) 2018 Free Software Foundation, Inc.
License GPLv3+: GNU GPL version 3 or later <http://gnu.org/licenses/gpl.html>
This is free software: you are free to change and redistribute it.
There is NO WARRANTY, to the extent permitted by law.
Type "show copying" and "show warranty" for details.
This GDB was configured as "x86_64-linux-gnu".
Type "show configuration" for configuration details.
For bug reporting instructions, please see:
<http://www.gnu.org/software/gdb/bugs/>.
Find the GDB manual and other documentation resources online at:
    <http://www.gnu.org/software/gdb/documentation/>.

For help, type "help".
Type "apropos word" to search for commands related to "word"...
Reading symbols from hello...done.
(gdb) start bart lisa
Temporary breakpoint 1 at 0x11cd: file hello.cc, line 13.
Starting program: /import/linux/home1/hkilic2/projects/i240b/submit/lab2/1-hello/hello bart lisa

Temporary breakpoint 1, main (argc=3, argv=0x7fffffffe768) at hello.cc:13
13	  if (argc == 1) {
(gdb) l
8	}
9	
10	int 
11	main(int argc, const char *argv[])
12	{
13	  if (argc == 1) {
14	    std::cerr << "usage: " << argv[0] << " NAME..." << std::endl;
15	    std::exit(1);
16	  }
17	  else {
(gdb) b sayHello
Breakpoint 2 at 0x555555555181: file hello.cc, line 7.
(gdb) argc
Undefined command: "argc".  Try "help".
(gdb) p argc
$1 = 3
(gdb) p argv
$2 = (const char **) 0x7fffffffe768
(gdb) p8[K*[K *argv@3
$3 = {
  0x7fffffffea5b "/import/linux/home1/hkilic2/projects/i240b/submit/lab2/1-hello/hello", 0x7fffffffeaa0 "bart", 0x7fffffffeaa5 "lisa"}
(gdb) c. sayHello() 
Not stopped at any breakpoint; argument ignored.
Continuing.

Breakpoint 2, sayHello (name=0x7fffffffeaa0 "bart") at hello.cc:7
7	  std::cout << "hello " << name << std::endl;
(gdb) l
2	#include <cstdlib>
3	
4	static void
5	sayHello(const char *name)
6	{
7	  std::cout << "hello " << name << std::endl;
8	}
9	
10	int 
11	main(int argc, const char *argv[])
(gdb) bn[Kackta[Krace
#0  sayHello (name=0x7fffffffeaa0 "bart") at hello.cc:7
#1  0x0000555555555257 in main (argc=3, argv=0x7fffffffe768) at hello.cc:19
(gdb) argc S\[K[KsayHello()
Undefined command: "argc".  Try "help".
(gdb) up
#1  0x0000555555555257 in main (argc=3, argv=0x7fffffffe768) at hello.cc:19
19	      sayHello(argv[i]);
(gdb) down[K[K[K[Kdown
#0  sayHello (name=0x7fffffffeaa0 "bart") at hello.cc:7
7	  std::cout << "hello " << name << std::endl;
(gdb) c. sayHello()
A syntax error in expression, near `. sayHello()'.
(gdb) c.[K[Kc. sayHello()
A syntax error in expression, near `. sayHello()'.
(gdb) c. sayHello()L()[1P()[CL)[1P)l)i)s)a)
A syntax error in expression, near `. sayHello(lisa)'.
(gdb) name argc
Undefined command: "name".  Try "help".
(gdb) p name
$4 = 0x7fffffffeaa0 "bart"
(gdb) c. sayHello()
A syntax error in expression, near `. sayHello()'.
(gdb) c. sayHello()n)a)e)m)[1P)[1P)m)e)
A syntax error in expression, near `. sayHello(name)'.
(gdb) up
#1  0x0000555555555257 in main (argc=3, argv=0x7fffffffe768) at hello.cc:19
19	      sayHello(argv[i]);
(gdb) p i
$5 = 1
(gdb) p argc
$6 = 3
(gdb) q
A debugging session is active.

	Inferior 1 [process 1530013] will be killed.

Quit anyway? (y or n) y
hkilic2@g7-27:~/i240b/submit/lab2/1-hello$ gedit hello.cc

(gedit:1531518): Gtk-[1;33mWARNING[0m **: [34m17:29:04.201[0m: Calling org.xfce.Session.Manager.Inhibit failed: GDBus.Error:org.freedesktop.DBus.Error.UnknownMethod: Method "Inhibit" with signature "susu" on interface "org.xfce.Session.Manager" doesn't exist

hkilOMPILE.cc = $(CXX) $(CXXFLAGS) $(CPPFLAGS) $(TARGET_ARCH) -c
CXX = g++
COMPILE.C = $(COMPILE.cc)
SUFFIXES := .out .a .ln .o .c .cc .C .cpp .p .f .F .m .r .y .l .ym .yl .s .S .mod .sym .def .h .info .dvi .tex .texinfo .texi .txinfo .w .ch .web .sh .elc .el
OBJC = cc
%.cc:
%: %.cc
	$(LINK.cc) $^ $(LOADLIBES) $(LDLIBS) -o $@
%.o: %.cc
	$(COMPILE.cc) $(OUTPUT_OPTION) $<
.cc:
	$(LINK.cc) $^ $(LOADLIBES) $(LDLIBS) -o $@
.cc.o:
	$(COMPILE.cc) $(OUTPUT_OPTION) $<
.SUFFIXES: .out .a .ln .o .c .cc .C .cpp .p .f .F .m .r .y .l .ym .yl .s .S .mod .sym .def .h .info .dvi .tex .texinfo .texi .txinfo .w .ch .web .sh .elc .el
hkilic2@g7-27:~/i240b/submit/lab1/0-hello$ make -p | egrep 'cc|CXX'less[K[K[1P./hello[3Pfilels -la[C[C[Cmake hello[Kls -lcd ~/i240?/submit/lab1/0-hello cd ~/i240b/submit/lab2/1-hello0-hello[11Pcd exercises/1-hellop -r ~/cs240/labs/lab2/exercises/* . [A[C[C[C[C[C[C[C[C[C[C[C[C[C[C[C[C[C[C[C[C[C[C[C[C[C[C[C[C[C[C[C[C[C[C[C[C[C[C[C[C[C[C[C[C[15Pd ~/i240b/submit/lab2
[K[A[C[C[C[C[C[C[C[C[C[C[C[C[C[C[C[C[C[C[C[C[C[C[C[C[C[C[C[C[C[C[C[C[C[C[C[C[C[C[C[C[C[C[C[C[C[C[C[C[C[C[C[C[C[C[C[C[C[C[C[C[C[C[C[C[C./lab2[Kgcc lab2.c -g  -o lab2./lab2[Kgcc lab2.c -g  -o lab2./lab2[Kgcc lab2.c -g  -o lab2./lab2[Kgcc lab2.c -g  -o lab2./lab2[K[K[K[K[K[K[Kcd exercises/1-hello[K[K[K[K[K[K[K[K[K[K[K[K[K[K[K[K[K[K[K[K./hello
hello world
hkilic2@g7-27:~/i240b/submit/lab1/0-hello$ ./hello bart lisa
hello world
hkilic2@g7-27:~/i240b/submit/lab1/0-hello$ cd ~/i240?/submit/lab1/0-hello[1P/submit/lab1/0-hellob/submit/lab1/0-hello[C[C[C[C[C[C[C[C[C[C[C[C[1P/0-hello2/0-hello[C[C[1P-hello1-hello
hkilic2@g7-27:~/i240b/submit/lab2/1-hello$ ls -l
total 12
-rw-r--r-- 1 hkilic2 hkilic2 363 Feb  6 17:03 hello.cc
-rw-r--r-- 1 hkilic2 hkilic2  39 Feb  6 17:03 Makefile
-rw-r--r-- 1 hkilic2 hkilic2  61 Feb  6 17:03 README
hkilic2@g7-27:~/i240b/submit/lab2/1-hello$ ./hello
bash: ./hello: No such file or directory
hkilic2@g7-27:~/i240b/submit/lab2/1-hello$  ./hello bart lisa
bash: ./hello: No such file or directory
hkilic2@g7-27:~/i240b/submit/lab2/1-hello$  ./hello bart lisa[11P./hello[2Pls -lcd ~/i240b/submit/lab2/1-hello[K[K[K[K[K[K[K./1-hello
hkilic2@g7-27:~/i240b/submit/lab2/1-hello$ cd exercises/1-hello
bash: cd: exercises/1-hello: No such file or directory
hkilic2@g7-27:~/i240b/submit/lab2/1-hello$ ls -l
total 12
-rw-r--r-- 1 hkilic2 hkilic2 363 Feb  6 17:03 hello.cc
-rw-r--r-- 1 hkilic2 hkilic2  39 Feb  6 17:03 Makefile
-rw-r--r-- 1 hkilic2 hkilic2  61 Feb  6 17:03 README
hkilic2@g7-27:~/i240b/submit/lab2/1-hello$ make
g++ -g -Wall -std=c++17    hello.cc   -o hello
hkilic2@g7-27:~/i240b/submit/lab2/1-hello$ ./hello
usage: ./hello NAME...
hkilic2@g7-27:~/i240b/submit/lab2/1-hello$ ./hello bart lisa
hello bart
hello lisa
hello hkilic2@g7-27:~/i240b/submit/lab2/1-hello$ gdb hello
GNU gdb (Debian 8.2.1-2+b3) 8.2.1
Copyright (C) 2018 Free Software Foundation, Inc.
License GPLv3+: GNU GPL version 3 or later <http://gnu.org/licenses/gpl.html>
This is free software: you are free to change and redistribute it.
There is NO WARRANTY, to the extent permitted by law.
Type "show copying" and "show warranty" for details.
This GDB was configured as "x86_64-linux-gnu".
Type "show configuration" for configuration details.
For bug reporting instructions, please see:
<http://www.gnu.org/software/gdb/bugs/>.
Find the GDB manual and other documentation resources online at:
    <http://www.gnu.org/software/gdb/documentation/>.

For help, type "help".
Type "apropos word" to search for commands related to "word"...
Reading symbols from hello...done.
(gdb) start bart lisa
Temporary breakpoint 1 at 0x11cd: file hello.cc, line 13.
Starting program: /import/linux/home1/hkilic2/projects/i240b/submit/lab2/1-hello/hello bart lisa

Temporary breakpoint 1, main (argc=3, argv=0x7fffffffe768) at hello.cc:13
13	  if (argc == 1) {
(gdb) l
8	}
9	
10	int 
11	main(int argc, const char *argv[])
12	{
13	  if (argc == 1) {
14	    std::cerr << "usage: " << argv[0] << " NAME..." << std::endl;
15	    std::exit(1);
16	  }
17	  else {
(gdb) b sayHello
Breakpoint 2 at 0x555555555181: file hello.cc, line 7.
(gdb) argc
Undefined command: "argc".  Try "help".
(gdb) p argc
$1 = 3
(gdb) p argv
$2 = (const char **) 0x7fffffffe768
(gdb) p8[K*[K *argv@3
$3 = {
  0x7fffffffea5b "/import/linux/home1/hkilic2/projects/i240b/submit/lab2/1-hello/hello", 0x7fffffffeaa0 "bart", 0x7fffffffeaa5 "lisa"}
(gdb) c. sayHello() 
Not stopped at any breakpoint; argument ignored.
Continuing.

Breakpoint 2, sayHello (name=0x7fffffffeaa0 "bart") at hello.cc:7
7	  std::cout << "hello " << name << std::endl;
(gdb) l
2	#include <cstdlib>
3	
4	static void
5	sayHello(const char *name)
6	{
7	  std::cout << "hello " << name << std::endl;
8	}
9	
10	int 
11	main(int argc, const char *argv[])
(gdb) bn[Kackta[Krace
#0  sayHello (name=0x7fffffffeaa0 "bart") at hello.cc:7
#1  0x0000555555555257 in main (argc=3, argv=0x7fffffffe768) at hello.cc:19
(gdb) argc S\[K[KsayHello()
Undefined command: "argc".  Try "help".
(gdb) up
#1  0x0000555555555257 in main (argc=3, argv=0x7fffffffe768) at hello.cc:19
19	      sayHello(argv[i]);
(gdb) down[K[K[K[Kdown
#0  sayHello (name=0x7fffffffeaa0 "bart") at hello.cc:7
7	  std::cout << "hello " << name << std::endl;
(gdb) c. sayHello()
A syntax error in expression, near `. sayHello()'.
(gdb) c.[K[Kc. sayHello()
A syntax error in expression, near `. sayHello()'.
(gdb) c. sayHello()L()[1P()[CL)[1P)l)i)s)a)
A syntax error in expression, near `. sayHello(lisa)'.
(gdb) name argc
Undefined command: "name".  Try "help".
(gdb) p name
$4 = 0x7fffffffeaa0 "bart"
(gdb) c. sayHello()
A syntax error in expression, near `. sayHello()'.
(gdb) c. sayHello()n)a)e)m)[1P)[1P)m)e)
A syntax error in expression, near `. sayHello(name)'.
(gdb) up
#1  0x0000555555555257 in main (argc=3, argv=0x7fffffffe768) at hello.cc:19
19	      sayHello(argv[i]);
(gdb) p i
$5 = 1
(gdb) p argc
$6 = 3
(gdb) q
A debugging session is active.

	Inferior 1 [process 1530013] will be killed.

Quit anyway? (y or n) y
hkilic2@g7-27:~/i240b/submit/lab2/1-hello$ gedit hello.cc

(gedit:1531518): Gtk-[1;33mWARNING[0m **: [34m17:29:04.201[0m: Calling org.xfce.Session.Manager.Inhibit failed: GDBus.Error:org.freedesktop.DBus.Error.UnknownMethod: Method "Inhibit" with signature "susu" on interface "org.xfce.Session.Manager" doesn't exist

hkilic2@g7-27:~/i240b/submit/lab2/1-hello$ make
g++ -g -Wall -std=c++17    hello.cc   -o hello
[01m[Khello.cc:[m[K In function ‘[01m[Kint main(int, const char**)[m[K’:
[01m[Khello.cc:18:23:[m[K [01;35m[Kwarning: [m[Ksuggest parentheses around assignment used as truth value [[01;35m[K-Wparentheses[m[K]
     for (int i = 1; [01;35m[Ki = argc[m[K; i++) {
                     [01;35m[K~~^~~~~~[m[K
hkilic2@g7-27:~/i240b/submit/lab2/1-hello$ ./hello bart lisa
hello 




^Z
[2]+  Stopped                 ./hello bart lisa
hkilic2@g7-27:~/i240b/submit/lab2/1-hello$ gedit hello.cc

(gedit:1531663): Gtk-[1;33mWARNING[0m **: [34m17:30:45.304[0m: Calling org.xfce.Session.Manager.Inhibit failed: GDBus.Error:org.freedesktop.DBus.Error.UnknownMethod: Method "Inhibit" with signature "susu" on interface "org.xfce.Session.Manager" doesn't exist

hkilic2@g7-27:~/i240b/submit/lab2/1-hello$ gedit hello.cc./hello bart lisamake[Kgedit hello.ccic2@g7-27:~/i240b/submit/lab2/1-hello$ make
g++ -g -Wall -std=c++17    hello.cc   -o hello
[01m[Khello.cc:[m[K In function ‘[01m[Kint main(int, const char**)[m[K’:
[01m[Khello.cc:18:23:[m[K [01;35m[Kwarning: [m[Ksuggest parentheses around assignment used as truth value [[01;35m[K-Wparentheses[m[K]
     for (int i = 1; [01;35m[Ki = argc[m[K; i++) {
                     [01;35m[K~~^~~~~~[m[K
hkilic2@g7-27:~/i240b/submit/lab2/1-hello$ ./hello bart lisa
hello 




^Z
[2]+  Stopped                 ./hello bart lisa
hkilic2@g7-27:~/i240b/submit/lab2/1-hello$ gedit hello.cc

(gedit:1531663): Gtk-[1;33mWARNING[0m **: [34m17:30:45.304[0m: Calling org.xfce.Session.Manager.Inhibit failed: GDBus.Error:org.freedesktop.DBus.Error.UnknownMethod: Method "Inhibit" with signature "susu" on interface "org.xfce.Session.Manager" doesn't exist

hkilic2@g7-27:~/i240b/submit/lab2/1-hello$ gedit hello.cc./hello bart lisamake[Kgedit hello.ccmake[K
g++ -g -Wall -std=c++17    hello.cc   -o hello
hkilic2@g7-27:~/i240b/submit/lab2/1-hello$ makegedit hello.cc./hello bart lisa[3Pgedit hello.cc./hello bart lisa
hello bart
hello lisa
hkilic2@g7-27:~/i240b/submit/lab2/1-hello$ gedit hello.cc
hkilic2@g7-27:~/i240b/submit/lab2/1-hello$ gedit hello.cc./hello bart lisa[3Pgedit hello.cc./hello bart lisa
hello bart
hello lisa
hkilic2@g7-27:~/i240b/submit/lab2/1-hello$ ,.[K[K./hello 'bart s' 'lis a'
hello bart s
hello lis a
hkilic2@g7-27:~/i240b/submit/lab2/1-hello$ 
hkilic2@g7-27:~/i240b/submit/lab2/1-hello$ 
hkilic2@g7-27:~/i240b/submit/lab2/1-hello$ cd ../2-hello/
hkilic2@g7-27:~/i240b/submit/lab2/2-hello$ ls
hello.cc  Makefile  README
hkilic2@g7-27:~/i240b/submit/lab2/2-hello$ 
hkilic2@g7-27:~/i240b/submit/lab2/2-hello$ 
hkilic2@g7-27:~/i240b/submit/lab2/2-hello$ make
g++ -g -Wall -std=c++17    hello.cc   -o hello
hkilic2@g7-27:~/i240b/submit/lab2/2-hello$ 
hkilic2@g7-27:~/i240b/submit/lab2/2-hello$ 
hkilic2@g7-27:~/i240b/submit/lab2/2-hello$ 
hkilic2@g7-27:~/i240b/submit/lab2/2-hello$ ls
hello  hello.cc  Makefile  README
hkilic2@g7-27:~/i240b/submit/lab2/2-hello$ ./hello bart lisa'[K
Hello Bart
Hello Lisa
Segmentation fault
hkilic2@g7-27:~/i240b/submit/lab2/2-hello$ gedit hello.cc
hkilic2@g7-27:~/i240b/submit/lab2/2-hello$ gdb hello
GNU gdb (Debian 8.2.1-2+b3) 8.2.1
Copyright (C) 2018 Free Software Foundation, Inc.
License GPLv3+: GNU GPL version 3 or later <http://gnu.org/licenses/gpl.html>
This is free software: you are free to change and redistribute it.
There is NO WARRANTY, to the extent permitted by law.
Type "show copying" and "show warranty" for details.
This GDB was configured as "x86_64-linux-gnu".
Type "show configuration" for configuration details.
For bug reporting instructions, please see:
<http://www.gnu.org/software/gdb/bugs/>.
Find the GDB manual and other documentation resources online at:
    <http://www.gnu.org/software/gdb/documentation/>.

For help, type "help".
Type "apropos word" to search for commands related to "word"...
Reading symbols from hello...done.
(gdb) start bart lisa
Temporary breakpoint 1 at 0x12e1: file hello.cc, line 36.
Starting program: /import/linux/home1/hkilic2/projects/i240b/submit/lab2/2-hello/hello bart lisa

Temporary breakpoint 1, main (argc=3, argv=0x7fffffffe768) at hello.cc:36
36	  if (argc == 1) {
(gdb) l
31	
32	
33	int
34	main(int argc, const char *argv[])
35	{
36	  if (argc == 1) {
37	    std::cerr << "usage: " << argv[0] << " NAME..." << std::endl;
38	    std::exit(1);
39	  }
40	  else {
(gdb) ls[K 33
28	{
29	  std::cout << "Hello " << name << std::endl;
30	}
31	
32	
33	int
34	main(int argc, const char *argv[])
35	{
36	  if (argc == 1) {
37	    std::cerr << "usage: " << argv[0] << " NAME..." << std::endl;
(gdb) l 35
30	}
31	
32	
33	int
34	main(int argc, const char *argv[])
35	{
36	  if (argc == 1) {
37	    std::cerr << "usage: " << argv[0] << " NAME..." << std::endl;
38	    std::exit(1);
39	  }
(gdb) b sayHello()
Function "sayHello()" not defined.
Make breakpoint pending on future shared library load? (y or [n]) n
(gdb) say[K[K[Kb upcaseWords(a', [K[K[K[Ka, b)
Function "upcaseWords(a, b)" not defined.
Make breakpoint pending on future shared library load? (y or [n]) n
(gdb) n
41	    for (int i = 1; i <= argc; i++) {
(gdb) b sayHello
Breakpoint 2 at 0x55555555528c: file hello.cc, line 29.
(gdb) n
46	    }
(gdb) n
42	      const char *name = argv[i];
(gdb) 
43	      char friendlyName[strlen(name)];
(gdb) 
44	      upcaseWords(name, friendlyName);
(gdb) 
45	      sayHello(friendlyName);
(gdb) 

Breakpoint 2, sayHello (name=0x7fffffffe610 "Bart") at hello.cc:29
29	  std::cout << "Hello " << name << std::endl;
(gdb) 
Hello Bart
30	}
(gdb) 
main (argc=3, argv=0x7fffffffe768) at hello.cc:41
41	    for (int i = 1; i <= argc; i++) {
(gdb) 
46	    }
(gdb) 
42	      const char *name = argv[i];
(gdb) 
43	      char friendlyName[strlen(name)];
(gdb) 
44	      upcaseWords(name, friendlyName);
(gdb) 
45	      sayHello(friendlyName);
(gdb) 

Breakpoint 2, sayHello (name=0x7fffffffe610 "Lisa") at hello.cc:29
29	  std::cout << "Hello " << name << std::endl;
(gdb) b upcaseWords
Breakpoint 3 at 0x5555555551b5: file hello.cc, line 13.
(gdb) 
Note: breakpoint 3 also set at pc 0x5555555551b5.
Breakpoint 4 at 0x5555555551b5: file hello.cc, line 13.
(gdb) 
Note: breakpoints 3 and 4 also set at pc 0x5555555551b5.
Breakpoint 5 at 0x5555555551b5: file hello.cc, line 13.
(gdb) 
Note: breakpoints 3, 4 and 5 also set at pc 0x5555555551b5.
Breakpoint 6 at 0x5555555551b5: file hello.cc, line 13.
(gdb) p [K inWord
No symbol "inWord" in current context.
(gdb) p in
No symbol "in" in current context.
(gdb) p in[]
No symbol "in" in current context.
(gdb) p n
No symbol "n" in current context.
(gdb) b caseWords
Function "caseWords" not defined.
Make breakpoint pending on future shared library load? (y or [n]) n
(gdb) b upcaseWords
Note: breakpoints 3, 4, 5 and 6 also set at pc 0x5555555551b5.
Breakpoint 7 at 0x5555555551b5: file hello.cc, line 13.
(gdb) l
24	}
25	
26	static void
27	sayHello(const char *name)
28	{
29	  std::cout << "Hello " << name << std::endl;
30	}
31	
32	
33	int
(gdb) 
34	main(int argc, const char *argv[])
35	{
36	  if (argc == 1) {
37	    std::cerr << "usage: " << argv[0] << " NAME..." << std::endl;
38	    std::exit(1);
39	  }
40	  else {
41	    for (int i = 1; i <= argc; i++) {
42	      const char *name = argv[i];
43	      char friendlyName[strlen(name)];
(gdb) b [K[Kb sayHello
Note: breakpoint 2 also set at pc 0x55555555528c.
Breakpoint 8 at 0x55555555528c: file hello.cc, line 29.
(gdb) \[Kp name
$1 = 0x7fffffffe610 "Lisa"
(gdb) 
$2 = 0x7fffffffe610 "Lisa"
(gdb) p argc
No symbol "argc" in current context.
(gdb) 
No symbol "argc" in current context.
(gdb) backtrace
#0  sayHello (name=0x7fffffffe610 "Lisa") at hello.cc:29
#1  0x00005555555553f3 in main (argc=3, argv=0x7fffffffe768) at hello.cc:45
(gdb) 
#0  sayHello (name=0x7fffffffe610 "Lisa") at hello.cc:29
#1  0x00005555555553f3 in main (argc=3, argv=0x7fffffffe768) at hello.cc:45
(gdb) 
#0  sayHello (name=0x7fffffffe610 "Lisa") at hello.cc:29
#1  0x00005555555553f3 in main (argc=3, argv=0x7fffffffe768) at hello.cc:45
(gdb) l
44	      upcaseWords(name, friendlyName);
45	      sayHello(friendlyName);
46	    }
47	  }
48	}
(gdb) 
Line number 49 out of range; hello.cc has 48 lines.
(gdb) up
#1  0x00005555555553f3 in main (argc=3, argv=0x7fffffffe768) at hello.cc:45
45	      sayHello(friendlyName);
(gdb) 
Initial frame selected; you cannot go up.
(gdb) 
Initial frame selected; you cannot go up.
(gdb) down
#0  sayHello (name=0x7fffffffe610 "Lisa") at hello.cc:29
29	  std::cout << "Hello " << name << std::endl;
(gdb) down
Bottom (innermost) frame selected; you cannot go down.
(gdb) 
Bottom (innermost) frame selected; you cannot go down.
(gdb) q
Amake[K
g++ -g -Wall -std=c++17    hello.cc   -o hello
hkilic2@g7-27:~/i240b/submit/lab2/1-hello$ makegedit hello.cc./hello bart lisa[3Pgedit hello.cc./hello bart lisa
hello bart
hello lisa
hkilic2@g7-27:~/i240b/submit/lab2/1-hello$ gedit hello.cc
hkilic2@g7-27:~/i240b/submit/lab2/1-hello$ gedit hello.cc./hello bart lisa[3Pgedit hello.cc./hello bart lisa
hello bart
hello lisa
hkilic2@g7-27:~/i240b/submit/lab2/1-hello$ ,.[K[K./hello 'bart s' 'lis a'
hello bart s
hello lis a
hkilic2@g7-27:~/i240b/submit/lab2/1-hello$ 
hkilic2@g7-27:~/i240b/submit/lab2/1-hello$ 
hkilic2@g7-27:~/i240b/submit/lab2/1-hello$ cd ../2-hello/
hkilic2@g7-27:~/i240b/submit/lab2/2-hello$ ls
hello.cc  Makefile  README
hkilic2@g7-27:~/i240b/submit/lab2/2-hello$ 
hkilic2@g7-27:~/i240b/submit/lab2/2-hello$ 
hkilic2@g7-27:~/i240b/submit/lab2/2-hello$ make
g++ -g -Wall -std=c++17    hello.cc   -o hello
hkilic2@g7-27:~/i240b/submit/lab2/2-hello$ 
hkilic2@g7-27:~/i240b/submit/lab2/2-hello$ 
hkilic2@g7-27:~/i240b/submit/lab2/2-hello$ 
hkilic2@g7-27:~/i240b/submit/lab2/2-hello$ ls
hello  hello.cc  Makefile  README
hkilic2@g7-27:~/i240b/submit/lab2/2-hello$ ./hello bart lisa'[K
Hello Bart
Hello Lisa
Segmentation fault
hkilic2@g7-27:~/i240b/submit/lab2/2-hello$ gedit hello.cc
hkilic2@g7-27:~/i240b/submit/lab2/2-hello$ gdb hello
GNU gdb (Debian 8.2.1-2+b3) 8.2.1
Copyright (C) 2018 Free Software Foundation, Inc.
License GPLv3+: GNU GPL version 3 or later <http://gnu.org/licenses/gpl.html>
This is free software: you are free to change and redistribute it.
There is NO WARRANTY, to the extent permitted by law.
Type "show copying" and "show warranty" for details.
This GDB was configured as "x86_64-linux-gnu".
Type "show configuration" for configuration details.
For bug reporting instructions, please see:
<http://www.gnu.org/software/gdb/bugs/>.
Find the GDB manual and other documentation resources online at:
    <http://www.gnu.org/software/gdb/documentation/>.

For help, type "help".
Type "apropos word" to search for commands related to "word"...
Reading symbols from hello...done.
(gdb) start bart lisa
Temporary breakpoint 1 at 0x12e1: file hello.cc, line 36.
Starting program: /import/linux/home1/hkilic2/projects/i240b/submit/lab2/2-hello/hello bart lisa

Temporary breakpoint 1, main (argc=3, argv=0x7fffffffe768) at hello.cc:36
36	  if (argc == 1) {
(gdb) l
31	
32	
33	int
34	main(int argc, const char *argv[])
35	{
36	  if (argc == 1) {
37	    std::cerr << "usage: " << argv[0] << " NAME..." << std::endl;
38	    std::exit(1);
39	  }
40	  else {
(gdb) ls[K 33
28	{
29	  std::cout << "Hello " << name << std::endl;
30	}
31	
32	
33	int
34	main(int argc, const char *argv[])
35	{
36	  if (argc == 1) {
37	    std::cerr << "usage: " << argv[0] << " NAME..." << std::endl;
(gdb) l 35
30	}
31	
32	
33	int
34	main(int argc, const char *argv[])
35	{
36	  if (argc == 1) {
37	    std::cerr << "usage: " << argv[0] << " NAME..." << std::endl;
38	    std::exit(1);
39	  }
(gdb) b sayHello()
Function "sayHello()" not defined.
Make breakpoint pending on future shared library load? (y or [n]) n
(gdb) say[K[K[Kb upcaseWords(a', [K[K[K[Ka, b)
Function "upcaseWords(a, b)" not defined.
Make breakpoint pending on future shared library load? (y or [n]) n
(gdb) n
41	    for (int i = 1; i <= argc; i++) {
(gdb) b sayHello
Breakpoint 2 at 0x55555555528c: file hello.cc, line 29.
(gdb) n
46	    }
(gdb) n
42	      const char *name = argv[i];
(gdb) 
43	      char friendlyName[strlen(name)];
(gdb) 
44	      upcaseWords(name, friendlyName);
(gdb) 
45	      sayHello(friendlyName);
(gdb) 

Breakpoint 2, sayHello (name=0x7fffffffe610 "Bart") at hello.cc:29
29	  std::cout << "Hello " << name << std::endl;
(gdb) 
Hello Bart
30	}
(gdb) 
main (argc=3, argv=0x7fffffffe768) at hello.cc:41
41	    for (int i = 1; i <= argc; i++) {
(gdb) 
46	    }
(gdb) 
42	      const char *name = argv[i];
(gdb) 
43	      char friendlyName[strlen(name)];
(gdb) 
44	      upcaseWords(name, friendlyName);
(gdb) 
45	      sayHello(friendlyName);
(gdb) 

Breakpoint 2, sayHello (name=0x7fffffffe610 "Lisa") at hello.cc:29
29	  std::cout << "Hello " << name << std::endl;
(gdb) b upcaseWords
Breakpoint 3 at 0x5555555551b5: file hello.cc, line 13.
(gdb) 
Note: breakpoint 3 also set at pc 0x5555555551b5.
Breakpoint 4 at 0x5555555551b5: file hello.cc, line 13.
(gdb) 
Note: breakpoints 3 and 4 also set at pc 0x5555555551b5.
Breakpoint 5 at 0x5555555551b5: file hello.cc, line 13.
(gdb) 
Note: breakpoints 3, 4 and 5 also set at pc 0x5555555551b5.
Breakpoint 6 at 0x5555555551b5: file hello.cc, line 13.
(gdb) p [K inWord
No symbol "inWord" in current context.
(gdb) p in
No symbol "in" in current context.
(gdb) p in[]
No symbol "in" in current context.
(gdb) p n
No symbol "n" in current context.
(gdb) b caseWords
Function "caseWords" not defined.
Make breakpoint pending on future shared library load? (y or [n]) n
(gdb) b upcaseWords
Note: breakpoints 3, 4, 5 and 6 also set at pc 0x5555555551b5.
Breakpoint 7 at 0x5555555551b5: file hello.cc, line 13.
(gdb) l
24	}
25	
26	static void
27	sayHello(const char *name)
28	{
29	  std::cout << "Hello " << name << std::endl;
30	}
31	
32	
33	int
(gdb) 
34	main(int argc, const char *argv[])
35	{
36	  if (argc == 1) {
37	    std::cerr << "usage: " << argv[0] << " NAME..." << std::endl;
38	    std::exit(1);
39	  }
40	  else {
41	    for (int i = 1; i <= argc; i++) {
42	      const char *name = argv[i];
43	      char friendlyName[strlen(name)];
(gdb) b [K[Kb sayHello
Note: breakpoint 2 also set at pc 0x55555555528c.
Breakpoint 8 at 0x55555555528c: file hello.cc, line 29.
(gdb) \[Kp name
$1 = 0x7fffffffe610 "Lisa"
(gdb) 
$2 = 0x7fffffffe610 "Lisa"
(gdb) p argc
No symbol "argc" in current context.
(gdb) 
No symbol "argc" in current context.
(gdb) backtrace
#0  sayHello (name=0x7fffffffe610 "Lisa") at hello.cc:29
#1  0x00005555555553f3 in main (argc=3, argv=0x7fffffffe768) at hello.cc:45
(gdb) 
#0  sayHello (name=0x7fffffffe610 "Lisa") at hello.cc:29
#1  0x00005555555553f3 in main (argc=3, argv=0x7fffffffe768) at hello.cc:45
(gdb) 
#0  sayHello (name=0x7fffffffe610 "Lisa") at hello.cc:29
#1  0x00005555555553f3 in main (argc=3, argv=0x7fffffffe768) at hello.cc:45
(gdb) l
44	      upcaseWords(name, friendlyName);
45	      sayHello(friendlyName);
46	    }
47	  }
48	}
(gdb) 
Line number 49 out of range; hello.cc has 48 lines.
(gdb) up
#1  0x00005555555553f3 in main (argc=3, argv=0x7fffffffe768) at hello.cc:45
45	      sayHello(friendlyName);
(gdb) 
Initial frame selected; you cannot go up.
(gdb) 
Initial frame selected; you cannot go up.
(gdb) down
#0  sayHello (name=0x7fffffffe610 "Lisa") at hello.cc:29
29	  std::cout << "Hello " << name << std::endl;
(gdb) down
Bottom (innermost) frame selected; you cannot go down.
(gdb) 
Bottom (innermost) frame selected; you cannot go down.
(gdb) q
A debugging session is active.

	Inferior 1 [process 1532436] will be killed.

Quit anyway? (y or n) y
hkilic2@g7-27:~/i240b/submit/lab2/2-hello$ gedo[Kit hello.cc

(gedit:1534018): Gtk-[1;33mWARNING[0m **: [34m17:50:02.168[0m: Calling org.xfce.Session.Manager.Inhibit failed: GDBus.Error:org.freedesktop.DBus.Error.UnknownMethod: Method "Inhibit" with signature "susu" on interface "org.xfce.Session.Manager" doesn't exist

hkilic2@g7-27:~/i240b/submit/lab2/2-hello$ gedit hello.cc[5Pdb helloedit hello.cc./hello bart lisals[Kmake[2Plsmake
g++ -g -Wall -std=c++17    hello.cc   -o hello
hkilic2@g7-27:~/i240b/submit/lab2/2-hello$ ./hello
usage: ./hello NAME...
hkilic2@g7-27:~/i240b/submit/lab2/2-hello$ ./hello lisa bart
Hello Bart
Segmentation fault
hkilic2@g7-27:~/i240b/submit/lab2/2-hello$ gedri[K[Kit hello



^Z
[3]+  Stopped                 gedit hello
hkilic2@g7-27:~/i240b/submit/lab2/2-hello$ 
hkilic2@g7-27:~/i240b/su debugging session is active.

	Inferior 1 [process 1532436] will be killed.

Quit anyway? (y or n) y
hkilic2@g7-27:~/i240b/submit/lab2/2-hello$ gedo[Kit hello.cc

(gedit:1534018): Gtk-[1;33mWARNING[0m **: [34m17:50:02.168[0m: Calling org.xfce.Session.Manager.Inhibit failed: GDBus.Error:org.freedesktop.DBus.Error.UnknownMethod: Method "Inhibit" with signature "susu" on interface "org.xfce.Session.Manager" doesn't exist

hkilic2@g7-27:~/i240b/submit/lab2/2-hello$ gedit hello.cc[5Pdb helloedit hello.cc./hello bart lisals[Kmake[2Plsmake
g++ -g -Wall -std=c++17    hello.cc   -o hello
hkilic2@g7-27:~/i240b/submit/lab2/2-hello$ ./hello
usage: ./hello NAME...
hkilic2@g7-27:~/i240b/submit/lab2/2-hello$ ./hello lisa bart
Hello Bart
Segmentation fault
hkilic2@g7-27:~/i240b/submit/lab2/2-hello$ gedri[K[Kit hello



^Z
[3]+  Stopped                 gedit hello
hkilic2@g7-27:~/i240b/submit/lab2/2-hello$ 
hkilic2@g7-27:~/i240b/submit/lab2/2-hello$ gsdf[K[K[K[Kmake
g++ -g -Wall -std=c++17    hello.cc   -o hello
\hkilic2@g7-27:~/i240b/submit/lab2/2-hello$ \[Kmakegedit hello./hello lisa bart[K lisa bart
Hello Lisa
Hello Bart
Segmentation fault
hkilic2@g7-27:~/i240b/submit/lab2/2-hello$ ./hello lisa bartmake[K
g++ -g -Wall -std=c++17    hello.cc   -o hello
^[[Ahkilic2@g7-27:~/i240b/submit/lab2/2-hello$ make./hello lisa bart
Hello Lisa
Hello Bart
hkilic2@g7-27:~/i240b/submit/lab2/2-hello$ ./hello 'lisa simpson' 'bart simpson' [A[C[C[C[C[C[C[C[C[C[C[C[C[C[C[C[C[C[C[C[C[C[C[C[C[C[C[C[C[C[C[C[C[C[C[C[C[C[C[C[C[C[C[C[C[C[C[C[C[C[C[C[C[C[C[C[C[C[C[C[C[C[C[C[C[C[C[C[C[C[C[C[C[C[C[C[C[C[C[C[K'
Hello Lisa Simpson:V
Hello Bart Simpson:V
hkilic2@g7-27:~/i240b/submit/lab2/2-hello$ ./hello 'lisa simpson' 'bart simpson' [A[C[C[C[C[C[C[C[C[C[C[C[C[C[C[C[C[C[C[C[C[C[C[C[C[C[C[C[C[C[C[C[C[C[C[C[C[C[C[C[C[C[C[C[C[C[C[C[C[C[C[Clisa bart[K
[K[A[C[C[C[C[C[C[C[C[C[C[C[C[C[C[C[C[C[C[C[C[C[C[C[C[C[C[C[C[C[C[C[C[C[C[C[C[C[C[C[C[C[C[C[C[C[C[C[C[C[C[C[C[C[C[C[C[C[C[C[Cmake[K
g++ -g -Wall -std=c++17    hello.cc   -o hello
^[[Ahkilic2@g7-27:~/i240b/submit/lab2/2-hello$ make./hello 'lisa simpson' 'bart simpson' [A[C[C[C[C[C[C[C[C[C[C[C[C[C[C[C[C[C[C[C[C[C[C[C[C[C[C[C[C[C[C[C[C[C[C[C[C[C[C[C[C[C[C[C[C[C[C[C[C[C[C[Clisa bart[K
[K[A[C[C[C[C[C[C[C[C[C[C[C[C[C[C[C[C[C[C[C[C[C[C[C[C[C[C[C[C[C[C[C[C[C[C[C[C[C[C[C[C[C[C[C[C[C[C[C[C[C[C[C[C[C[C[C[C[C[C[C[C'lisa simpson' 'bart simpson' [A[C[C[C[C[C[C[C[C[C[C[C[C[C[C[C[C[C[C[C[C[C[C[C[C[C[C[C[C[C[C[C[C[C[C[C[C[C[C[C[C[C[C[Cmake[K
[K[A[C[C[C[C[C[C[C[C[C[C[C[C[C[C[C[C[C[C[C[C[C[C[C[C[C[C[C[C[C[C[C[C[C[C[C[C[C[C[C[C[C[C[C[C[C[C[C[Kmake./hello 'lisa simpson' 'bart simpson' [A[C[C[C[C[C[C[C[C[C[C[C[C[C[C[C[C[C[C[C[C[C[C[C[C[C[C[C[C[C[C[C[C[C[C[C[C[C[C[C[C[C[C[C[C[C[C[C[C[C[C[Clisa bart[K
[K[A[C[C[C[C[C[C[C[C[C[C[C[C[C[C[C[C[C[C[C[C[C[C[C[C[C[C[C[C[C[C[C[C[C[C[C[C[C[C[C[C[C[C[C[C[C[C[C[C[C[C[C[C[C[C[C[C[C[C[C[C[K[K[K[K[K[K[K[K[K[K[K[K[K[K[K[K[K
hkilic2@g7-27:~/i240b/submit/lab2/2-hello$ make./hello 'lisa simpson' 'bart simpson' [A[C[C[C[C[C[C[C[C[C[C[C[C[C[C[C[C[C[C[C[C[C[C[C[C[C[C[C[C[C[C[C[C[C[C[C[C[C[C[C[C[C[C[C[C[C[C[C[C[C[C[C[C[C[C[C[C[C[C[C[C[C[C[C[C[C[C[C[C[C[C[C[C[C[C[C[C[C[C[C[K'
Hello Bart SimpsonU
Segmentation fault
hkilic2@g7-27:~/i240b/submit/lab2/2-hello$ ./hello 'lisa simpson' 'bart simpson' [A[C[C[C[C[C[C[C[C[C[C[C[C[C[C[C[C[C[C[C[C[C[C[C[C[C[C[C[C[C[C[C[C[C[C[C[C[C[C[C[C[C[C[Cmake[K
[K[A[C[C[C[C[C[C[C[C[C[C[C[C[C[C[C[C[C[C[C[C[C[C[C[C[C[C[C[C[C[C[C[C[C[C[C[C[C[C[C[C[C[C[C[C[C[C[C
g++ -g -Wall -std=c++17    hello.cc   -o hello
hkilic2@g7-27:~/i240b/submit/lab2/2-hello$ make./hello 'lisa simpson' 'bart simpson' [A[C[C[C[C[C[C[C[C[C[C[C[C[C[C[C[C[C[C[C[C[C[C[C[C[C[C[C[C[C[C[C[C[C[C[C[C[C[C[C[C[C[C[C[C[C[C[C[C[C[C[C[C[C[C[C[C[C[C[C[C[C[C[C[C[C[C[C[C[C[C[C[C[C[C[C[C[C[C[C[K'
Hello Aart IimpsonV
Segmentation fault
hkilic2@g7-27:~/i240b/submit/lab2/2-hello$ hello [K[K[K[K[K[K./hello 'lisa simpson' 'bart simpson' [A[C[C[C[C[C[C[C[C[C[C[C[C[C[C[C[C[C[C[C[C[C[C[C[C[C[C[C[C[C[C[C[C[C[C[C[C[C[C[C[C[C[C[Cmake[K
[K[A[C[C[C[C[C[C[C[C[C[C[C[C[C[C[C[C[C[C[C[C[C[C[C[C[C[C[C[C[C[C[C[C[C[C[C[C[C[C[C[C[C[C[C[C[C[C[C./hello 'lisa simpson' 'bart simpson' [A[C[C[C[C[C[C[C[C[C[C[C[C[C[C[C[C[C[C[C[C[C[C[C[C[C[C[C[C[C[C[C[C[C[C[C[C[C[C[C[C[C[C[Cmake[K
[K[A[C[C[C[C[C[C[C[C[C[C[C[C[C[C[C[C[C[C[C[C[C[C[C[C[C[C[C[C[C[C[C[C[C[C[C[C[C[C[C[C[C[C[C[C[C[C[C./hello 'lisa simpson' 'bart simpson' [A[C[C[C[C[C[C[C[C[C[C[C[C[C[C[C[C[C[C[C[C[C[C[C[C[C[C[C[C[C[C[C[C[C[C[C[C[C[C[C[C[C[C[C[C[C[C[C[C[C[C[Clisa bart[K
[K[A[C[C[C[C[C[C[C[C[C[C[C[C[C[C[C[C[C[C[C[C[C[C[C[C[C[C[C[C[C[C[C[C[C[C[C[C[C[C[C[C[C[C[C[C[C[C[C[C[C[C[C[C[C[C[C[C[C[C[C[Cmake[K./hello lisa bart
Hello Aart
Segmentation fault
hkilic2@g7-27:~/i240b/submit/lab2/2-hello$ ./hello lisa bart'lisa simpson' 'bart simpson' [A[C[C[C[C[C[C[C[C[C[C[C[C[C[C[C[C[C[C[C[C[C[C[C[C[C[C[C[C[C[C[C[C[C[C[C[C[C[C[C[C[C[C[Cmake[K
[K[A[C[C[C[C[C[C[C[C[C[C[C[C[C[C[C[C[C[C[C[C[C[C[C[C[C[C[C[C[C[C[C[C[C[C[C[C[C[C[C[C[C[C[C[C[C[C[C
g++ -g -Wall -std=c++17    hello.cc   -o hello
hkilic2@g7-27:~/i240b/submit/lab2/2-hello$ make./hello lisa bart
Hello Lisa
Hello Bart
hkilic2@g7-27:~/i240b/submit/lab2/2-hello$ ./hello lisa bartmake[K./hello lisa bart'lisa simpson' 'bart simpson' [A[C[C[C[C[C[C[C[C[C[C[C[C[C[C[C[C[C[C[C[C[C[C[C[C[C[C[C[C[C[C[C[C[C[C[C[C[C[C[C[C[C[C[C[C[C[C[C[C[C[C[C[C[C[C[C[C[C[C[C[C[C[C[C[C[C[C[C[C[C[C[C[C[C[C[C[C[C[C[C[K'
Hello Lisa SimpsonU
Hello Bart SimpsonU
hkilic2@g7-27:~/i240b/submit/lab2/2-hello$ make
g++ -g -Wall -std=c++17    hello.cc   -o hello
hkilic2@g7-27:~/i240b/submit/lab2/2-hello$ make./hello 'lisa simpson' 'bart simpson' [A[C[C[C[C[C[C[C[C[C[C[C[C[C[C[C[C[C[C[C[C[C[C[C[C[C[C[C[C[C[C[C[C[C[C[C[C[C[C[C[C[C[C[C[C[C[C[C[C[C[C[Clisa bart[K
[K[A[C[C[C[C[C[C[C[C[C[C[C[C[C[C[C[C[C[C[C[C[C[C[C[C[C[C[C[C[C[C[C[C[C[C[C[C[C[C[C[C[C[C[C[C[C[C[C[C[C[C[C[C[C[C[C[C[C[C[C[C
Hello Bart
Segmentation fault
hkilic2@g7-27:~/i240b/submit/lab2/2-hello$ ./hello lisa bartmake[K./hello lisa bart[K./hello lisa bartmake[K./hello 'lisa simpson' 'bart simpson' [A[C[C[C[C[C[C[C[C[C[C[C[C[C[C[C[C[C[C[C[C[C[C[C[C[C[C[C[C[C[C[C[C[C[C[C[C[C[C[C[C[C[C[C[C[C[C[C[C[C[C[C[C[C[C[C[C[C[C[C[C[C[C[C[C[C[C[C[C[C[C[C[C[C[C[C[C[C[C[C[K'
Hello Bart SimpsonU
Segmentation fault
hkilic2@g7-27:~/i240b/submit/lab2/2-hello$ ./hello 'lisa simpson' 'bmit/lab2/2-hello$ gsdf[K[K[K[Kmake
g++ -g -Wall -std=c++17    hello.cc   -o hello
\hkilic2@g7-27:~/i240b/submit/lab2/2-hello$ \[Kmakegedit hello./hello lisa bart[K lisa bart
Hello Lisa
Hello Bart
Segmentation fault
hkilic2@g7-27:~/i240b/submit/lab2/2-hello$ ./hello lisa bartmake[K
g++ -g -Wall -std=c++17    hello.cc   -o hello
^[[Ahkilic2@g7-27:~/i240b/submit/lab2/2-hello$ make./hello lisa bart
Hello Lisa
Hello Bart
hkilic2@g7-27:~/i240b/submit/lab2/2-hello$ ./hello 'lisa simpson' 'bart simpson' [A[C[C[C[C[C[C[C[C[C[C[C[C[C[C[C[C[C[C[C[C[C[C[C[C[C[C[C[C[C[C[C[C[C[C[C[C[C[C[C[C[C[C[C[C[C[C[C[C[C[C[C[C[C[C[C[C[C[C[C[C[C[C[C[C[C[C[C[C[C[C[C[C[C[C[C[C[C[C[C[K'
Hello Lisa Simpson:V
Hello Bart Simpson:V
hkilic2@g7-27:~/i240b/submit/lab2/2-hello$ ./hello 'lisa simpson' 'bart simpson' [A[C[C[C[C[C[C[C[C[C[C[C[C[C[C[C[C[C[C[C[C[C[C[C[C[C[C[C[C[C[C[C[C[C[C[C[C[C[C[C[C[C[C[C[C[C[C[C[C[C[C[Clisa bart[K
[K[A[C[C[C[C[C[C[C[C[C[C[C[C[C[C[C[C[C[C[C[C[C[C[C[C[C[C[C[C[C[C[C[C[C[C[C[C[C[C[C[C[C[C[C[C[C[C[C[C[C[C[C[C[C[C[C[C[C[C[C[Cmake[K
g++ -g -Wall -std=c++17    hello.cc   -o hello
^[[Ahkilic2@g7-27:~/i240b/submit/lab2/2-hello$ make./hello 'lisa simpson' 'bart simpson' [A[C[C[C[C[C[C[C[C[C[C[C[C[C[C[C[C[C[C[C[C[C[C[C[C[C[C[C[C[C[C[C[C[C[C[C[C[C[C[C[C[C[C[C[C[C[C[C[C[C[C[Clisa bart[K
[K[A[C[C[C[C[C[C[C[C[C[C[C[C[C[C[C[C[C[C[C[C[C[C[C[C[C[C[C[C[C[C[C[C[C[C[C[C[C[C[C[C[C[C[C[C[C[C[C[C[C[C[C[C[C[C[C[C[C[C[C[C'lisa simpson' 'bart simpson' [A[C[C[C[C[C[C[C[C[C[C[C[C[C[C[C[C[C[C[C[C[C[C[C[C[C[C[C[C[C[C[C[C[C[C[C[C[C[C[C[C[C[C[Cmake[K
[K[A[C[C[C[C[C[C[C[C[C[C[C[C[C[C[C[C[C[C[C[C[C[C[C[C[C[C[C[C[C[C[C[C[C[C[C[C[C[C[C[C[C[C[C[C[C[C[C[Kmake./hello 'lisa simpson' 'bart simpson' [A[C[C[C[C[C[C[C[C[C[C[C[C[C[C[C[C[C[C[C[C[C[C[C[C[C[C[C[C[C[C[C[C[C[C[C[C[C[C[C[C[C[C[C[C[C[C[C[C[C[C[Clisa bart[K
[K[A[C[C[C[C[C[C[C[C[C[C[C[C[C[C[C[C[C[C[C[C[C[C[C[C[C[C[C[C[C[C[C[C[C[C[C[C[C[C[C[C[C[C[C[C[C[C[C[C[C[C[C[C[C[C[C[C[C[C[C[C[K[K[K[K[K[K[K[K[K[K[K[K[K[K[K[K[K
hkilic2@g7-27:~/i240b/submit/lab2/2-hello$ make./hello 'lisa simpson' 'bart simpson' [A[C[C[C[C[C[C[C[C[C[C[C[C[C[C[C[C[C[C[C[C[C[C[C[C[C[C[C[C[C[C[C[C[C[C[C[C[C[C[C[C[C[C[C[C[C[C[C[C[C[C[C[C[C[C[C[C[C[C[C[C[C[C[C[C[C[C[C[C[C[C[C[C[C[C[C[C[C[C[C[K'
Hello Bart SimpsonU
Segmentation fault
hkilic2@g7-27:~/i240b/submit/lab2/2-hello$ ./hello 'lisa simpson' 'bart simpson' [A[C[C[C[C[C[C[C[C[C[C[C[C[C[C[C[C[C[C[C[C[C[C[C[C[C[C[C[C[C[C[C[C[C[C[C[C[C[C[C[C[C[C[Cmake[K
[K[A[C[C[C[C[C[C[C[C[C[C[C[C[C[C[C[C[C[C[C[C[C[C[C[C[C[C[C[C[C[C[C[C[C[C[C[C[C[C[C[C[C[C[C[C[C[C[C
g++ -g -Wall -std=c++17    hello.cc   -o hello
hkilic2@g7-27:~/i240b/submit/lab2/2-hello$ make./hello 'lisa simpson' 'bart simpson' [A[C[C[C[C[C[C[C[C[C[C[C[C[C[C[C[C[C[C[C[C[C[C[C[C[C[C[C[C[C[C[C[C[C[C[C[C[C[C[C[C[C[C[C[C[C[C[C[C[C[C[C[C[C[C[C[C[C[C[C[C[C[C[C[C[C[C[C[C[C[C[C[C[C[C[C[C[C[C[C[K'
Hello Aart IimpsonV
Segmentation fault
hkilic2@g7-27:~/i240b/submit/lab2/2-hello$ hello [K[K[K[K[K[K./hello 'lisa simpson' 'bart simpson' [A[C[C[C[C[C[C[C[C[C[C[C[C[C[C[C[C[C[C[C[C[C[C[C[C[C[C[C[C[C[C[C[C[C[C[C[C[C[C[C[C[C[C[Cmake[K
[K[A[C[C[C[C[C[C[C[C[C[C[C[C[C[C[C[C[C[C[C[C[C[C[C[C[C[C[C[C[C[C[C[C[C[C[C[C[C[C[C[C[C[C[C[C[C[C[C./hello 'lisa simpson' 'bart simpson' [A[C[C[C[C[C[C[C[C[C[C[C[C[C[C[C[C[C[C[C[C[C[C[C[C[C[C[C[C[C[C[C[C[C[C[C[C[C[C[C[C[C[C[Cmake[K
[K[A[C[C[C[C[C[C[C[C[C[C[C[C[C[C[C[C[C[C[C[C[C[C[C[C[C[C[C[C[C[C[C[C[C[C[C[C[C[C[C[C[C[C[C[C[C[C[C./hello 'lisa simpson' 'bart simpson' [A[C[C[C[C[C[C[C[C[C[C[C[C[C[C[C[C[C[C[C[C[C[C[C[C[C[C[C[C[C[C[C[C[C[C[C[C[C[C[C[C[C[C[C[C[C[C[C[C[C[C[Clisa bart[K
[K[A[C[C[C[C[C[C[C[C[C[C[C[C[C[C[C[C[C[C[C[C[C[C[C[C[C[C[C[C[C[C[C[C[C[C[C[C[C[C[C[C[C[C[C[C[C[C[C[C[C[C[C[C[C[C[C[C[C[C[C[Cmake[K./hello lisa bart
Hello Aart
Segmentation fault
hkilic2@g7-27:~/i240b/submit/lab2/2-hello$ ./hello lisa bart'lisa simpson' 'bart simpson' [A[C[C[C[C[C[C[C[C[C[C[C[C[C[C[C[C[C[C[C[C[C[C[C[C[C[C[C[C[C[C[C[C[C[C[C[C[C[C[C[C[C[C[Cmake[K
[K[A[C[C[C[C[C[C[C[C[C[C[C[C[C[C[C[C[C[C[C[C[C[C[C[C[C[C[C[C[C[C[C[C[C[C[C[C[C[C[C[C[C[C[C[C[C[C[C
g++ -g -Wall -std=c++17    hello.cc   -o hello
hkilic2@g7-27:~/i240b/submit/lab2/2-hello$ make./hello lisa bart
Hello Lisa
Hello Bart
hkilic2@g7-27:~/i240b/submit/lab2/2-hello$ ./hello lisa bartmake[K./hello lisa bart'lisa simpson' 'bart simpson' [A[C[C[C[C[C[C[C[C[C[C[C[C[C[C[C[C[C[C[C[C[C[C[C[C[C[C[C[C[C[C[C[C[C[C[C[C[C[C[C[C[C[C[C[C[C[C[C[C[C[C[C[C[C[C[C[C[C[C[C[C[C[C[C[C[C[C[C[C[C[C[C[C[C[C[C[C[C[C[C[K'
Hello Lisa SimpsonU
Hello Bart SimpsonU
hkilic2@g7-27:~/i240b/submit/lab2/2-hello$ make
g++ -g -Wall -std=c++17    hello.cc   -o hello
hkilic2@g7-27:~/i240b/submit/lab2/2-hello$ make./hello 'lisa simpson' 'bart simpson' [A[C[C[C[C[C[C[C[C[C[C[C[C[C[C[C[C[C[C[C[C[C[C[C[C[C[C[C[C[C[C[C[C[C[C[C[C[C[C[C[C[C[C[C[C[C[C[C[C[C[C[Clisa bart[K
[K[A[C[C[C[C[C[C[C[C[C[C[C[C[C[C[C[C[C[C[C[C[C[C[C[C[C[C[C[C[C[C[C[C[C[C[C[C[C[C[C[C[C[C[C[C[C[C[C[C[C[C[C[C[C[C[C[C[C[C[C[C
Hello Bart
Segmentation fault
hkilic2@g7-27:~/i240b/submit/lab2/2-hello$ ./hello lisa bartmake[K./hello lisa bart[K./hello lisa bartmake[K./hello 'lisa simpson' 'bart simpson' [A[C[C[C[C[C[C[C[C[C[C[C[C[C[C[C[C[C[C[C[C[C[C[C[C[C[C[C[C[C[C[C[C[C[C[C[C[C[C[C[C[C[C[C[C[C[C[C[C[C[C[C[C[C[C[C[C[C[C[C[C[C[C[C[C[C[C[C[C[C[C[C[C[C[C[C[C[C[C[C[K'
Hello Bart SimpsonU
Segmentation fault
hkilic2@g7-27:~/i240b/submit/lab2/2-hello$ ./hello 'lisa simpson' 'bart simpson' [A[C[C[C[C[C[C[C[C[C[C[C[C[C[C[C[C[C[C[C[C[C[C[C[C[C[C[C[C[C[C[C[C[C[C[C[C[C[C[C[C[C[C[C[C[C[C[C[C[C[C[Clisa bart[K
[K[A[C[C[C[C[C[C[C[C[C[C[C[C[C[C[C[C[C[C[C[C[C[C[C[C[C[C[C[C[C[C[C[C[C[C[C[C[C[C[C[C[C[C[C[C[C[C[C[C[C[C[C[C[C[C[C[C[C[C[C[Cmake[K
g++ -g -Wall -std=c++17    hello.cc   -o hello
hkilic2@g7-27:~/i240b/submit/lab2/2-hello$ make./hello 'lisa simpson' 'bart simpson' [A[C[C[C[C[C[C[C[C[C[C[C[C[C[C[C[C[C[C[C[C[C[C[C[C[C[C[C[C[C[C[C[C[C[C[C[C[C[C[C[C[C[C[C[C[C[C[C[C[C[C[Clisa bart[K
[K[A[C[C[C[C[C[C[C[C[C[C[C[C[C[C[C[C[C[C[C[C[C[C[C[C[C[C[C[C[C[C[C[C[C[C[C[C[C[C[C[C[C[C[C[C[C[C[C[C[C[C[C[C[C[C[C[C[C[C[C[C
Hello 
Hello 
hkilic2@g7-27:~/i240b/submit/lab2/2-hello$ ./hello lisa bartmake[K./hello 'lisa simpson' 'babart simpson' [A[C[C[C[C[C[C[C[C[C[C[C[C[C[C[C[C[C[C[C[C[C[C[C[C[C[C[C[C[C[C[C[C[C[C[C[C[C[C[C[C[C[C[C[C[C[C[C[C[C[C[Clisa bart[K
[K[A[C[C[C[C[C[C[C[C[C[C[C[C[C[C[C[C[C[C[C[C[C[C[C[C[C[C[C[C[C[C[C[C[C[C[C[C[C[C[C[C[C[C[C[C[C[C[C[C[C[C[C[C[C[C[C[C[C[C[C[Cmake[K
g++ -g -Wall -std=c++17    hello.cc   -o hello
hkilic2@g7-27:~/i240b/submit/lab2/2-hello$ make./hello 'lisa simpson' 'bart simpson' [A[C[C[C[C[C[C[C[C[C[C[C[C[C[C[C[C[C[C[C[C[C[C[C[C[C[C[C[C[C[C[C[C[C[C[C[C[C[C[C[C[C[C[C[C[C[C[C[C[C[C[Clisa bart[K
[K[A[C[C[C[C[C[C[C[C[C[C[C[C[C[C[C[C[C[C[C[C[C[C[C[C[C[C[C[C[C[C[C[C[C[C[C[C[C[C[C[C[C[C[C[C[C[C[C[C[C[C[C[C[C[C[C[C[C[C[C[C
Hello 
Hello 
hkilic2@g7-27:~/i240b/submit/lab2/2-hello$ ./hello lisa bartmake[K./hello 'lisa simpson' 'bart simpson' [A[C[C[C[C[C[C[C[C[C[C[C[C[C[C[C[C[C[C[C[C[C[C[C[C[C[C[C[C[C[C[C[C[C[C[C[C[C[C[C[C[C[C[C[C[C[C[C[C[C[C[C[C[C[C[C[C[C[C[C[C[C[C[C[C[C[C[C[C[C[C[C[C[C[C[C[C[C[C[C[K'
Hello 
Hello 
hkilic2@g7-27:~/i240b/submit/lab2/2-hello$ make
g++ -g -Wall -std=c++17    hello.cc   -o hello
hkilic2@g7-27:~/i240b/submit/lab2/2-hello$ make./hello 'lisa simpson' 'bart simpson' [A[C[C[C[C[C[C[C[C[C[C[C[C[C[C[C[C[C[C[C[C[C[C[C[C[C[C[C[C[C[C[C[C[C[C[C[C[C[C[C[C[C[C[C[C[C[C[C[C[C[C[Clisa bart[K
[K[A[C[C[C[C[C[C[C[C[C[C[C[C[C[C[C[C[C[C[C[C[C[C[C[C[C[C[C[C[C[C[C[C[C[C[C[C[C[C[C[C[C[C[C[C[C[C[C[C[C[C[C[C[C[C[C[C[C[C[C[C
Hello 
Hello 
hkilic2@g7-27:~/i240b/submit/lab2/2-hello$ ./hello lisa bartmake[K./hello 'lisa simpson' 'bart simpson' [A[C[C[C[C[C[C[C[C[C[C[C[C[C[C[C[C[C[C[C[C[C[C[C[C[C[C[C[C[C[C[C[C[C[C[C[C[C[C[C[C[C[C[C[C[C[C[C[C[C[C[C[C[C[C[C[C[C[C[C[C[C[C[C[C[C[C[C[C[C[C[C[C[C[C[C[C[C[C[C[K'
Hello 
Hello 
hkilic2@g7-27:~/i240b/submit/lab2/2-hello$ ./hello 'lisa simpson' 'bart simpson' [A[C[C[C[C[C[C[C[C[C[C[C[C[C[C[C[C[C[C[C[C[C[C[C[C[C[C[C[C[C[C[C[C[C[C[C[C[C[C[C[C[C[C[C[C[C[C[C[C[C[C[Clisa bart[K
[K[A[C[C[C[C[C[C[C[C[C[C[C[C[C[C[C[C[C[C[C[C[C[C[C[C[C[C[C[C[C[C[C[C[C[C[C[C[C[C[C[C[C[C[C[C[C[C[C[C[C[C[C[C[C[C[C[C[C[C[C[Cmake[K
g++ -g -Wall -std=c++17    hello.cc   -o hello
hkilic2@g7-27:~/i240b/submit/lab2/2-hello$ make./hello 'lisa simpson' 'bart simpson' [A[C[C[C[C[C[C[C[C[C[C[C[C[C[C[C[C[C[C[C[C[C[C[C[C[C[C[C[C[C[C[C[C[C[C[C[C[C[C[C[C[C[C[C[C[C[C[C[C[C[C[C[C[C[C[C[C[C[C[C[C[C[C[C[C[C[C[C[C[C[C[C[C[C[C[C[C[C[C[C[K'
Hello Lisa Simpson
Hello Bart Simpson
hkilic2@g7-27:~/i240b/submit/lab2/2-hello$ ./hello 'lisa simpson' 'bart simpson' [A[C[C[C[C[C[C[C[C[C[C[C[C[C[C[C[C[C[C[C[C[C[C[C[C[C[C[C[C[C[C[C[C[C[C[C[C[C[C[C[C[C[C[Cmake[K
[K[A[C[C[C[C[C[C[C[C[C[C[C[C[C[C[C[C[C[C[C[C[C[C[C[C[C[C[C[C[C[C[C[C[C[C[C[C[C[C[C[C[C[C[C[C[C[C[C./hello 'lisa simpson' 'bart simpson' [A[C[C[C[C[C[C[C[C[C[C[C[C[C[C[C[C[C[C[C[C[C[C[C[C[C[C[C[C[C[C[C[C[C[C[C[C[C[C[C[C[C[C[C[C[C[C[C[C[C[C[Clisa bart[K
[K[A[C[C[C[C[C[C[C[C[C[C[C[C[C[C[C[C[C[C[C[C[C[C[C[C[C[C[C[C[C[C[C[C[C[C[C[C[C[C[C[C[C[C[C[C[C[C[C[C[C[C[C[C[C[C[C[C[C[C[C[Cmake[K./hello lisa bart
Hello Lisa
Hello Bart
hkilic2@g7-27:~/i240b/submit/lab2/2-hello$  cd ~/i240?/submit/lab1/0-hello[K[K[K[K[K[K[K3-overload
bash: cd: /home/hkilic2/i240?/submit/lab1/3-overload: No such file or directory
hkilic2@g7-27:~/i240b/submit/lab2/2-hello$  cd ~/i240?/submit/lab1/3-overload[1P/submit/lab1/3-overloadb/submit/lab1/3-overload[C[C[C[C[C[C[C[C[C[C[C[C[1P/3-overload2/3-overload
hkilic2@g7-27:~/i240b/submit/lab2/3-overload$ mkae[K[K[Kake
g++ -g -Wall -std=c++17    overload.cc   -o overload
hkilic2@g7-27:~/i240b/submit/lab2/3-overload$ ./overload
f(a) = 3; f(&a) = 4; f(a, b) = -1
hkilic2@g7-27:~/i240b/submit/lab2/3-overload$ gdb overload
GNU gdb (Debian 8.2.1-2+b3) 8.2.1
Copyright (C) 2018 Free Software Foundation, Inc.
License GPLv3+: GNU GPL version 3 or later <http://gnu.org/licenses/gpl.html>
This is free software: you are free to change and redistribute it.
There is NO WARRANTY, to the extent permitted by law.
Type "show copying" and "show warranty" for details.
This GDB was configured as "x86_64-linux-gnu".
Type "show configuration" for configuration details.
For bug reporting instructions, please see:
<http://www.gnu.org/software/gdb/bugs/>.
Find the GDB manual and other documentation resources online at:
    <http://www.gnu.org/software/gdb/documentation/>.

For help, type "help".
Type "apropos word" to search for commands related to "word"...
Reading symbols from overload...done.
(gdb) b f()
Function "f()" not defined.
Make breakpoint pending on future shared library load? (y or [n]) b f
Please answer y or [n].
Make breakpoint pending on future shared library load? (y or [n]) n
(gdb) b f
Breakpoint 1 at 0x117d: f. (3 locations)
(gdb) 
Display all 190 possibilities? (y or n)
!                                mem
+                                monitor
-                                new-ui
<                                next
>                                nexti
actions                          ni
add-auto-load-safe-path          nosharedlibrary
add-auto-load-scripts-directory  output
add-inferior                     overlay
add-symbol-file                  passcount
add-symbol-file-from-memory      path
advance                          print
agent-printf                     print-object
alias                            printf
append                           ptype
apropos                          pwd
attach                           python
awatch                           python-interactive
backtrace                        queue-signal
bookmark                         quit
break                            rbreak
break-range                      rc
bt                               record
--More--[Kcall                             refresh
--More--[Kcatch                            remote
--More--[Kcd                               remove-inferiors
--More--[Kcheckpoint                       remove-symbol-file
clear                            restart
clone-inferior                   restore
collect                          return
commands                         reverse-continue
compare-sections                 reverse-finish
compile                          reverse-next
complete                         reverse-nexti
condition                        reverse-search
continue                         reverse-step
core-file                        reverse-stepi
define                           rni
delete                           rsi
demangle                         run
detach                           rwatch
directory                        save
disable                          search
disassemble                      section
disconnect                       select-frame
display                          set
document                         sharedlibrary
dont-repeat                      shell
down                             show
--More--[K(gdb) t*)[K[K[Kb f(int*)
Note: breakpoint 1 also set at pc 0x117d.
Breakpoint 2 at 0x117d: file overload.cc, line 3.
(gdb) r
Starting program: /import/linux/home1/hkilic2/projects/rt simpson' [A[C[C[C[C[C[C[C[C[C[C[C[C[C[C[C[C[C[C[C[C[C[C[C[C[C[C[C[C[C[C[C[C[C[C[C[C[C[C[C[C[C[C[C[C[C[C[C[C[C[C[C[C[C[C[C[C[C[C[C[C[C[C[C[C[C[C[C[C[C[C[C[C[C[C[C[C[C[C[C[K'
Hello 
Hello 
hkilic2@g7-27:~/i240b/submit/lab2/2-hello$ make
g++ -g -Wall -std=c++17    hello.cc   -o hello
hkilic2@g7-27:~/i240b/submit/lab2/2-hello$ make./hello 'lisa simpson' 'bart simpson' [A[C[C[C[C[C[C[C[C[C[C[C[C[C[C[C[C[C[C[C[C[C[C[C[C[C[C[C[C[C[C[C[C[C[C[C[C[C[C[C[C[C[C[C[C[C[C[C[C[C[C[Clisa bart[K
[K[A[C[C[C[C[C[C[C[C[C[C[C[C[C[C[C[C[C[C[C[C[C[C[C[C[C[C[C[C[C[C[C[C[C[C[C[C[C[C[C[C[C[C[C[C[C[C[C[C[C[C[C[C[C[C[C[C[C[C[C[C
Hello 
Hello 
hkilic2@g7-27:~/i240b/submit/lab2/2-hello$ ./hello lisa bartmake[K./hello 'lisa simpson' 'bart simpson' [A[C[C[C[C[C[C[C[C[C[C[C[C[C[C[C[C[C[C[C[C[C[C[C[C[C[C[C[C[C[C[C[C[C[C[C[C[C[C[C[C[C[C[C[C[C[C[C[C[C[C[C[C[C[C[C[C[C[C[C[C[C[C[C[C[C[C[C[C[C[C[C[C[C[C[C[C[C[C[C[K'
Hello 
Hello 
hkilic2@g7-27:~/i240b/submit/lab2/2-hello$ ./hello 'lisa simpson' 'bart simpson' [A[C[C[C[C[C[C[C[C[C[C[C[C[C[C[C[C[C[C[C[C[C[C[C[C[C[C[C[C[C[C[C[C[C[C[C[C[C[C[C[C[C[C[C[C[C[C[C[C[C[C[Clisa bart[K
[K[A[C[C[C[C[C[C[C[C[C[C[C[C[C[C[C[C[C[C[C[C[C[C[C[C[C[C[C[C[C[C[C[C[C[C[C[C[C[C[C[C[C[C[C[C[C[C[C[C[C[C[C[C[C[C[C[C[C[C[C[Cmake[K
g++ -g -Wall -std=c++17    hello.cc   -o hello
hkilic2@g7-27:~/i240b/submit/lab2/2-hello$ make./hello 'lisa simpson' 'bart simpson' [A[C[C[C[C[C[C[C[C[C[C[C[C[C[C[C[C[C[C[C[C[C[C[C[C[C[C[C[C[C[C[C[C[C[C[C[C[C[C[C[C[C[C[C[C[C[C[C[C[C[C[C[C[C[C[C[C[C[C[C[C[C[C[C[C[C[C[C[C[C[C[C[C[C[C[C[C[C[C[C[K'
Hello Lisa Simpson
Hello Bart Simpson
hkilic2@g7-27:~/i240b/submit/lab2/2-hello$ ./hello 'lisa simpson' 'bart simpson' [A[C[C[C[C[C[C[C[C[C[C[C[C[C[C[C[C[C[C[C[C[C[C[C[C[C[C[C[C[C[C[C[C[C[C[C[C[C[C[C[C[C[C[Cmake[K
[K[A[C[C[C[C[C[C[C[C[C[C[C[C[C[C[C[C[C[C[C[C[C[C[C[C[C[C[C[C[C[C[C[C[C[C[C[C[C[C[C[C[C[C[C[C[C[C[C./hello 'lisa simpson' 'bart simpson' [A[C[C[C[C[C[C[C[C[C[C[C[C[C[C[C[C[C[C[C[C[C[C[C[C[C[C[C[C[C[C[C[C[C[C[C[C[C[C[C[C[C[C[C[C[C[C[C[C[C[C[Clisa bart[K
[K[A[C[C[C[C[C[C[C[C[C[C[C[C[C[C[C[C[C[C[C[C[C[C[C[C[C[C[C[C[C[C[C[C[C[C[C[C[C[C[C[C[C[C[C[C[C[C[C[C[C[C[C[C[C[C[C[C[C[C[C[Cmake[K./hello lisa bart
Hello Lisa
Hello Bart
hkilic2@g7-27:~/i240b/submit/lab2/2-hello$  cd ~/i240?/submit/lab1/0-hello[K[K[K[K[K[K[K3-overload
bash: cd: /home/hkilic2/i240?/submit/lab1/3-overload: No such file or directory
hkilic2@g7-27:~/i240b/submit/lab2/2-hello$  cd ~/i240?/submit/lab1/3-overload[1P/submit/lab1/3-overloadb/submit/lab1/3-overload[C[C[C[C[C[C[C[C[C[C[C[C[1P/3-overload2/3-overload
hkilic2@g7-27:~/i240b/submit/lab2/3-overload$ mkae[K[K[Kake
g++ -g -Wall -std=c++17    overload.cc   -o overload
hkilic2@g7-27:~/i240b/submit/lab2/3-overload$ ./overload
f(a) = 3; f(&a) = 4; f(a, b) = -1
hkilic2@g7-27:~/i240b/submit/lab2/3-overload$ gdb overload
GNU gdb (Debian 8.2.1-2+b3) 8.2.1
Copyright (C) 2018 Free Software Foundation, Inc.
License GPLv3+: GNU GPL version 3 or later <http://gnu.org/licenses/gpl.html>
This is free software: you are free to change and redistribute it.
There is NO WARRANTY, to the extent permitted by law.
Type "show copying" and "show warranty" for details.
This GDB was configured as "x86_64-linux-gnu".
Type "show configuration" for configuration details.
For bug reporting instructions, please see:
<http://www.gnu.org/software/gdb/bugs/>.
Find the GDB manual and other documentation resources online at:
    <http://www.gnu.org/software/gdb/documentation/>.

For help, type "help".
Type "apropos word" to search for commands related to "word"...
Reading symbols from overload...done.
(gdb) b f()
Function "f()" not defined.
Make breakpoint pending on future shared library load? (y or [n]) b f
Please answer y or [n].
Make breakpoint pending on future shared library load? (y or [n]) n
(gdb) b f
Breakpoint 1 at 0x117d: f. (3 locations)
(gdb) 
Display all 190 possibilities? (y or n)
!                                mem
+                                monitor
-                                new-ui
<                                next
>                                nexti
actions                          ni
add-auto-load-safe-path          nosharedlibrary
add-auto-load-scripts-directory  output
add-inferior                     overlay
add-symbol-file                  passcount
add-symbol-file-from-memory      path
advance                          print
agent-printf                     print-object
alias                            printf
append                           ptype
apropos                          pwd
attach                           python
awatch                           python-interactive
backtrace                        queue-signal
bookmark                         quit
break                            rbreak
break-range                      rc
bt                               record
--More--[Kcall                             refresh
--More--[Kcatch                            remote
--More--[Kcd                               remove-inferiors
--More--[Kcheckpoint                       remove-symbol-file
clear                            restart
clone-inferior                   restore
collect                          return
commands                         reverse-continue
compare-sections                 reverse-finish
compile                          reverse-next
complete                         reverse-nexti
condition                        reverse-search
continue                         reverse-step
core-file                        reverse-stepi
define                           rni
delete                           rsi
demangle                         run
detach                           rwatch
directory                        save
disable                          search
disassemble                      section
disconnect                       select-frame
display                          set
document                         sharedlibrary
dont-repeat                      shell
down                             show
--More--[K(gdb) t*)[K[K[Kb f(int*)
Note: breakpoint 1 also set at pc 0x117d.
Breakpoint 2 at 0x117d: file overload.cc, line 3.
(gdb) r
Starting program: /import/linux/home1/hkilic2/projects/i240b/submit/lab2/3-overload/overload 

Breakpoint 1, f (a=2) at overload.cc:4
4	int f(int a) { return a + 1;}
(gdb) p a
$1 = 2
(gdb) p *a
Cannot access memory at address 0x2
(gdb) p *a=5
Cannot access memory at address 0x2
(gdb) q
A debugging session is active.

	Inferior 1 [process 1536260] will be killed.

Quit anyway? (y or n) y
hkilic2@g7-27:~/i240b/submit/lab2/3-overload$ gdb overload[2P./overloadgdb overload
GNU gdb (Debian 8.2.1-2+b3) 8.2.1
Copyright (C) 2018 Free Software Foundation, Inc.
License GPLv3+: GNU GPL version 3 or later <http://gnu.org/licenses/gpl.html>
This is free software: you are free to change and redistribute it.
There is NO WARRANTY, to the extent permitted by law.
Type "show copying" and "show warranty" for details.
This GDB was configured as "x86_64-linux-gnu".
Type "show configuration" for configuration details.
For bug reporting instructions, please see:
<http://www.gnu.org/software/gdb/bugs/>.
Find the GDB manual and other docum